Archive member included to satisfy reference by file (symbol)

c:/st/stm32cubeide_1.9.0/stm32cubeide/plugins/com.st.stm32cube.ide.mcu.externaltools.gnu-tools-for-stm32.10.3-2021.10.win32_1.0.0.202111181127/tools/bin/../lib/gcc/arm-none-eabi/10.3.1/../../../../arm-none-eabi/lib/thumb/v7e-m+fp/hard\libc_nano.a(lib_a-errno.o)
                              ./Src/syscalls.o (__errno)
c:/st/stm32cubeide_1.9.0/stm32cubeide/plugins/com.st.stm32cube.ide.mcu.externaltools.gnu-tools-for-stm32.10.3-2021.10.win32_1.0.0.202111181127/tools/bin/../lib/gcc/arm-none-eabi/10.3.1/../../../../arm-none-eabi/lib/thumb/v7e-m+fp/hard\libc_nano.a(lib_a-exit.o)
                              c:/st/stm32cubeide_1.9.0/stm32cubeide/plugins/com.st.stm32cube.ide.mcu.externaltools.gnu-tools-for-stm32.10.3-2021.10.win32_1.0.0.202111181127/tools/bin/../lib/gcc/arm-none-eabi/10.3.1/../../../../arm-none-eabi/lib/thumb/v7e-m+fp/hard/crt0.o (exit)
c:/st/stm32cubeide_1.9.0/stm32cubeide/plugins/com.st.stm32cube.ide.mcu.externaltools.gnu-tools-for-stm32.10.3-2021.10.win32_1.0.0.202111181127/tools/bin/../lib/gcc/arm-none-eabi/10.3.1/../../../../arm-none-eabi/lib/thumb/v7e-m+fp/hard\libc_nano.a(lib_a-impure.o)
                              c:/st/stm32cubeide_1.9.0/stm32cubeide/plugins/com.st.stm32cube.ide.mcu.externaltools.gnu-tools-for-stm32.10.3-2021.10.win32_1.0.0.202111181127/tools/bin/../lib/gcc/arm-none-eabi/10.3.1/../../../../arm-none-eabi/lib/thumb/v7e-m+fp/hard\libc_nano.a(lib_a-exit.o) (_global_impure_ptr)
c:/st/stm32cubeide_1.9.0/stm32cubeide/plugins/com.st.stm32cube.ide.mcu.externaltools.gnu-tools-for-stm32.10.3-2021.10.win32_1.0.0.202111181127/tools/bin/../lib/gcc/arm-none-eabi/10.3.1/../../../../arm-none-eabi/lib/thumb/v7e-m+fp/hard\libc_nano.a(lib_a-init.o)
                              c:/st/stm32cubeide_1.9.0/stm32cubeide/plugins/com.st.stm32cube.ide.mcu.externaltools.gnu-tools-for-stm32.10.3-2021.10.win32_1.0.0.202111181127/tools/bin/../lib/gcc/arm-none-eabi/10.3.1/../../../../arm-none-eabi/lib/thumb/v7e-m+fp/hard/crt0.o (__libc_init_array)
c:/st/stm32cubeide_1.9.0/stm32cubeide/plugins/com.st.stm32cube.ide.mcu.externaltools.gnu-tools-for-stm32.10.3-2021.10.win32_1.0.0.202111181127/tools/bin/../lib/gcc/arm-none-eabi/10.3.1/../../../../arm-none-eabi/lib/thumb/v7e-m+fp/hard\libc_nano.a(lib_a-memset.o)
                              c:/st/stm32cubeide_1.9.0/stm32cubeide/plugins/com.st.stm32cube.ide.mcu.externaltools.gnu-tools-for-stm32.10.3-2021.10.win32_1.0.0.202111181127/tools/bin/../lib/gcc/arm-none-eabi/10.3.1/../../../../arm-none-eabi/lib/thumb/v7e-m+fp/hard/crt0.o (memset)

Discarded input sections

 .text          0x0000000000000000        0x0 c:/st/stm32cubeide_1.9.0/stm32cubeide/plugins/com.st.stm32cube.ide.mcu.externaltools.gnu-tools-for-stm32.10.3-2021.10.win32_1.0.0.202111181127/tools/bin/../lib/gcc/arm-none-eabi/10.3.1/thumb/v7e-m+fp/hard/crti.o
 .data          0x0000000000000000        0x0 c:/st/stm32cubeide_1.9.0/stm32cubeide/plugins/com.st.stm32cube.ide.mcu.externaltools.gnu-tools-for-stm32.10.3-2021.10.win32_1.0.0.202111181127/tools/bin/../lib/gcc/arm-none-eabi/10.3.1/thumb/v7e-m+fp/hard/crti.o
 .bss           0x0000000000000000        0x0 c:/st/stm32cubeide_1.9.0/stm32cubeide/plugins/com.st.stm32cube.ide.mcu.externaltools.gnu-tools-for-stm32.10.3-2021.10.win32_1.0.0.202111181127/tools/bin/../lib/gcc/arm-none-eabi/10.3.1/thumb/v7e-m+fp/hard/crti.o
 .data          0x0000000000000000        0x4 c:/st/stm32cubeide_1.9.0/stm32cubeide/plugins/com.st.stm32cube.ide.mcu.externaltools.gnu-tools-for-stm32.10.3-2021.10.win32_1.0.0.202111181127/tools/bin/../lib/gcc/arm-none-eabi/10.3.1/thumb/v7e-m+fp/hard/crtbegin.o
 .rodata        0x0000000000000000       0x24 c:/st/stm32cubeide_1.9.0/stm32cubeide/plugins/com.st.stm32cube.ide.mcu.externaltools.gnu-tools-for-stm32.10.3-2021.10.win32_1.0.0.202111181127/tools/bin/../lib/gcc/arm-none-eabi/10.3.1/thumb/v7e-m+fp/hard/crtbegin.o
 .text          0x0000000000000000       0x7c c:/st/stm32cubeide_1.9.0/stm32cubeide/plugins/com.st.stm32cube.ide.mcu.externaltools.gnu-tools-for-stm32.10.3-2021.10.win32_1.0.0.202111181127/tools/bin/../lib/gcc/arm-none-eabi/10.3.1/../../../../arm-none-eabi/lib/thumb/v7e-m+fp/hard/crt0.o
 .data          0x0000000000000000        0x0 c:/st/stm32cubeide_1.9.0/stm32cubeide/plugins/com.st.stm32cube.ide.mcu.externaltools.gnu-tools-for-stm32.10.3-2021.10.win32_1.0.0.202111181127/tools/bin/../lib/gcc/arm-none-eabi/10.3.1/../../../../arm-none-eabi/lib/thumb/v7e-m+fp/hard/crt0.o
 .bss           0x0000000000000000        0x0 c:/st/stm32cubeide_1.9.0/stm32cubeide/plugins/com.st.stm32cube.ide.mcu.externaltools.gnu-tools-for-stm32.10.3-2021.10.win32_1.0.0.202111181127/tools/bin/../lib/gcc/arm-none-eabi/10.3.1/../../../../arm-none-eabi/lib/thumb/v7e-m+fp/hard/crt0.o
 .ARM.extab     0x0000000000000000        0x0 c:/st/stm32cubeide_1.9.0/stm32cubeide/plugins/com.st.stm32cube.ide.mcu.externaltools.gnu-tools-for-stm32.10.3-2021.10.win32_1.0.0.202111181127/tools/bin/../lib/gcc/arm-none-eabi/10.3.1/../../../../arm-none-eabi/lib/thumb/v7e-m+fp/hard/crt0.o
 .ARM.exidx     0x0000000000000000       0x10 c:/st/stm32cubeide_1.9.0/stm32cubeide/plugins/com.st.stm32cube.ide.mcu.externaltools.gnu-tools-for-stm32.10.3-2021.10.win32_1.0.0.202111181127/tools/bin/../lib/gcc/arm-none-eabi/10.3.1/../../../../arm-none-eabi/lib/thumb/v7e-m+fp/hard/crt0.o
 .ARM.attributes
                0x0000000000000000       0x1c c:/st/stm32cubeide_1.9.0/stm32cubeide/plugins/com.st.stm32cube.ide.mcu.externaltools.gnu-tools-for-stm32.10.3-2021.10.win32_1.0.0.202111181127/tools/bin/../lib/gcc/arm-none-eabi/10.3.1/../../../../arm-none-eabi/lib/thumb/v7e-m+fp/hard/crt0.o
 .group         0x0000000000000000        0xc ./Src/Src_APP/Debug/APP_Debug.o
 .group         0x0000000000000000        0xc ./Src/Src_APP/Debug/APP_Debug.o
 .group         0x0000000000000000        0xc ./Src/Src_APP/Debug/APP_Debug.o
 .group         0x0000000000000000        0xc ./Src/Src_APP/Debug/APP_Debug.o
 .group         0x0000000000000000        0xc ./Src/Src_APP/Debug/APP_Debug.o
 .group         0x0000000000000000        0xc ./Src/Src_APP/Debug/APP_Debug.o
 .group         0x0000000000000000        0xc ./Src/Src_APP/Debug/APP_Debug.o
 .group         0x0000000000000000        0xc ./Src/Src_APP/Debug/APP_Debug.o
 .group         0x0000000000000000        0xc ./Src/Src_APP/Debug/APP_Debug.o
 .group         0x0000000000000000        0xc ./Src/Src_APP/Debug/APP_Debug.o
 .group         0x0000000000000000        0xc ./Src/Src_APP/Debug/APP_Debug.o
 .group         0x0000000000000000        0xc ./Src/Src_APP/Debug/APP_Debug.o
 .group         0x0000000000000000        0xc ./Src/Src_APP/Debug/APP_Debug.o
 .group         0x0000000000000000        0xc ./Src/Src_APP/Debug/APP_Debug.o
 .group         0x0000000000000000        0xc ./Src/Src_APP/Debug/APP_Debug.o
 .group         0x0000000000000000        0xc ./Src/Src_APP/Debug/APP_Debug.o
 .group         0x0000000000000000        0xc ./Src/Src_APP/Debug/APP_Debug.o
 .text          0x0000000000000000        0x0 ./Src/Src_APP/Debug/APP_Debug.o
 .data          0x0000000000000000        0x0 ./Src/Src_APP/Debug/APP_Debug.o
 .bss           0x0000000000000000        0x0 ./Src/Src_APP/Debug/APP_Debug.o
 .text.ADebug_vAll_GPIO_Ports
                0x0000000000000000      0x17c ./Src/Src_APP/Debug/APP_Debug.o
 .text.ADebug_vFlashingPins
                0x0000000000000000      0x152 ./Src/Src_APP/Debug/APP_Debug.o
 .text.ADebug_vLED_Driver
                0x0000000000000000       0x28 ./Src/Src_APP/Debug/APP_Debug.o
 .debug_info    0x0000000000000000      0x203 ./Src/Src_APP/Debug/APP_Debug.o
 .debug_abbrev  0x0000000000000000       0x92 ./Src/Src_APP/Debug/APP_Debug.o
 .debug_aranges
                0x0000000000000000       0x30 ./Src/Src_APP/Debug/APP_Debug.o
 .debug_ranges  0x0000000000000000       0x20 ./Src/Src_APP/Debug/APP_Debug.o
 .debug_macro   0x0000000000000000      0x133 ./Src/Src_APP/Debug/APP_Debug.o
 .debug_macro   0x0000000000000000      0xa7e ./Src/Src_APP/Debug/APP_Debug.o
 .debug_macro   0x0000000000000000       0x10 ./Src/Src_APP/Debug/APP_Debug.o
 .debug_macro   0x0000000000000000       0x70 ./Src/Src_APP/Debug/APP_Debug.o
 .debug_macro   0x0000000000000000       0x22 ./Src/Src_APP/Debug/APP_Debug.o
 .debug_macro   0x0000000000000000       0x76 ./Src/Src_APP/Debug/APP_Debug.o
 .debug_macro   0x0000000000000000       0x34 ./Src/Src_APP/Debug/APP_Debug.o
 .debug_macro   0x0000000000000000       0x1c ./Src/Src_APP/Debug/APP_Debug.o
 .debug_macro   0x0000000000000000      0x17b ./Src/Src_APP/Debug/APP_Debug.o
 .debug_macro   0x0000000000000000      0x12a ./Src/Src_APP/Debug/APP_Debug.o
 .debug_macro   0x0000000000000000       0x52 ./Src/Src_APP/Debug/APP_Debug.o
 .debug_macro   0x0000000000000000      0x154 ./Src/Src_APP/Debug/APP_Debug.o
 .debug_macro   0x0000000000000000       0x16 ./Src/Src_APP/Debug/APP_Debug.o
 .debug_macro   0x0000000000000000       0x28 ./Src/Src_APP/Debug/APP_Debug.o
 .debug_macro   0x0000000000000000       0x10 ./Src/Src_APP/Debug/APP_Debug.o
 .debug_macro   0x0000000000000000       0x28 ./Src/Src_APP/Debug/APP_Debug.o
 .debug_macro   0x0000000000000000       0x22 ./Src/Src_APP/Debug/APP_Debug.o
 .debug_macro   0x0000000000000000       0x22 ./Src/Src_APP/Debug/APP_Debug.o
 .debug_line    0x0000000000000000      0x75a ./Src/Src_APP/Debug/APP_Debug.o
 .debug_str     0x0000000000000000     0x4973 ./Src/Src_APP/Debug/APP_Debug.o
 .comment       0x0000000000000000       0x51 ./Src/Src_APP/Debug/APP_Debug.o
 .debug_frame   0x0000000000000000       0x6c ./Src/Src_APP/Debug/APP_Debug.o
 .ARM.attributes
                0x0000000000000000       0x34 ./Src/Src_APP/Debug/APP_Debug.o
 .group         0x0000000000000000        0xc ./Src/Src_APP/Utility/Utility_Delay/DELAY_UNIT.o
 .group         0x0000000000000000        0xc ./Src/Src_APP/Utility/Utility_Delay/DELAY_UNIT.o
 .group         0x0000000000000000        0xc ./Src/Src_APP/Utility/Utility_Delay/DELAY_UNIT.o
 .text          0x0000000000000000        0x0 ./Src/Src_APP/Utility/Utility_Delay/DELAY_UNIT.o
 .data          0x0000000000000000        0x0 ./Src/Src_APP/Utility/Utility_Delay/DELAY_UNIT.o
 .bss           0x0000000000000000        0x0 ./Src/Src_APP/Utility/Utility_Delay/DELAY_UNIT.o
 .text.Delay_vMicroSecond16MHzoscillator
                0x0000000000000000       0x52 ./Src/Src_APP/Utility/Utility_Delay/DELAY_UNIT.o
 .debug_macro   0x0000000000000000      0xa7e ./Src/Src_APP/Utility/Utility_Delay/DELAY_UNIT.o
 .debug_macro   0x0000000000000000       0x10 ./Src/Src_APP/Utility/Utility_Delay/DELAY_UNIT.o
 .debug_macro   0x0000000000000000       0x70 ./Src/Src_APP/Utility/Utility_Delay/DELAY_UNIT.o
 .group         0x0000000000000000        0xc ./Src/Src_HAL/Keypad/HAL_Keypad.o
 .group         0x0000000000000000        0xc ./Src/Src_HAL/Keypad/HAL_Keypad.o
 .group         0x0000000000000000        0xc ./Src/Src_HAL/Keypad/HAL_Keypad.o
 .group         0x0000000000000000        0xc ./Src/Src_HAL/Keypad/HAL_Keypad.o
 .group         0x0000000000000000        0xc ./Src/Src_HAL/Keypad/HAL_Keypad.o
 .group         0x0000000000000000        0xc ./Src/Src_HAL/Keypad/HAL_Keypad.o
 .group         0x0000000000000000        0xc ./Src/Src_HAL/Keypad/HAL_Keypad.o
 .group         0x0000000000000000        0xc ./Src/Src_HAL/Keypad/HAL_Keypad.o
 .group         0x0000000000000000        0xc ./Src/Src_HAL/Keypad/HAL_Keypad.o
 .group         0x0000000000000000        0xc ./Src/Src_HAL/Keypad/HAL_Keypad.o
 .group         0x0000000000000000        0xc ./Src/Src_HAL/Keypad/HAL_Keypad.o
 .text          0x0000000000000000        0x0 ./Src/Src_HAL/Keypad/HAL_Keypad.o
 .data          0x0000000000000000        0x0 ./Src/Src_HAL/Keypad/HAL_Keypad.o
 .bss           0x0000000000000000        0x0 ./Src/Src_HAL/Keypad/HAL_Keypad.o
 .text.HKEYPAD_vInitiate
                0x0000000000000000      0x108 ./Src/Src_HAL/Keypad/HAL_Keypad.o
 .rodata        0x0000000000000000       0x10 ./Src/Src_HAL/Keypad/HAL_Keypad.o
 .text.HKEYPAD_U8READ
                0x0000000000000000       0xc4 ./Src/Src_HAL/Keypad/HAL_Keypad.o
 .debug_info    0x0000000000000000      0x1f3 ./Src/Src_HAL/Keypad/HAL_Keypad.o
 .debug_abbrev  0x0000000000000000       0xbf ./Src/Src_HAL/Keypad/HAL_Keypad.o
 .debug_aranges
                0x0000000000000000       0x28 ./Src/Src_HAL/Keypad/HAL_Keypad.o
 .debug_ranges  0x0000000000000000       0x18 ./Src/Src_HAL/Keypad/HAL_Keypad.o
 .debug_macro   0x0000000000000000       0xbf ./Src/Src_HAL/Keypad/HAL_Keypad.o
 .debug_macro   0x0000000000000000      0xa7e ./Src/Src_HAL/Keypad/HAL_Keypad.o
 .debug_macro   0x0000000000000000       0x10 ./Src/Src_HAL/Keypad/HAL_Keypad.o
 .debug_macro   0x0000000000000000       0x70 ./Src/Src_HAL/Keypad/HAL_Keypad.o
 .debug_macro   0x0000000000000000       0x16 ./Src/Src_HAL/Keypad/HAL_Keypad.o
 .debug_macro   0x0000000000000000       0x58 ./Src/Src_HAL/Keypad/HAL_Keypad.o
 .debug_macro   0x0000000000000000       0x34 ./Src/Src_HAL/Keypad/HAL_Keypad.o
 .debug_macro   0x0000000000000000       0x1c ./Src/Src_HAL/Keypad/HAL_Keypad.o
 .debug_macro   0x0000000000000000      0x17b ./Src/Src_HAL/Keypad/HAL_Keypad.o
 .debug_macro   0x0000000000000000      0x12a ./Src/Src_HAL/Keypad/HAL_Keypad.o
 .debug_macro   0x0000000000000000       0x52 ./Src/Src_HAL/Keypad/HAL_Keypad.o
 .debug_macro   0x0000000000000000      0x154 ./Src/Src_HAL/Keypad/HAL_Keypad.o
 .debug_line    0x0000000000000000      0x423 ./Src/Src_HAL/Keypad/HAL_Keypad.o
 .debug_str     0x0000000000000000     0x4433 ./Src/Src_HAL/Keypad/HAL_Keypad.o
 .comment       0x0000000000000000       0x51 ./Src/Src_HAL/Keypad/HAL_Keypad.o
 .debug_frame   0x0000000000000000       0x54 ./Src/Src_HAL/Keypad/HAL_Keypad.o
 .ARM.attributes
                0x0000000000000000       0x34 ./Src/Src_HAL/Keypad/HAL_Keypad.o
 .group         0x0000000000000000        0xc ./Src/Src_HAL/LCD/HAL_LCD.o
 .group         0x0000000000000000        0xc ./Src/Src_HAL/LCD/HAL_LCD.o
 .group         0x0000000000000000        0xc ./Src/Src_HAL/LCD/HAL_LCD.o
 .group         0x0000000000000000        0xc ./Src/Src_HAL/LCD/HAL_LCD.o
 .group         0x0000000000000000        0xc ./Src/Src_HAL/LCD/HAL_LCD.o
 .group         0x0000000000000000        0xc ./Src/Src_HAL/LCD/HAL_LCD.o
 .group         0x0000000000000000        0xc ./Src/Src_HAL/LCD/HAL_LCD.o
 .group         0x0000000000000000        0xc ./Src/Src_HAL/LCD/HAL_LCD.o
 .group         0x0000000000000000        0xc ./Src/Src_HAL/LCD/HAL_LCD.o
 .group         0x0000000000000000        0xc ./Src/Src_HAL/LCD/HAL_LCD.o
 .group         0x0000000000000000        0xc ./Src/Src_HAL/LCD/HAL_LCD.o
 .group         0x0000000000000000        0xc ./Src/Src_HAL/LCD/HAL_LCD.o
 .text          0x0000000000000000        0x0 ./Src/Src_HAL/LCD/HAL_LCD.o
 .data          0x0000000000000000        0x0 ./Src/Src_HAL/LCD/HAL_LCD.o
 .bss           0x0000000000000000        0x0 ./Src/Src_HAL/LCD/HAL_LCD.o
 .text.HLCD_vInitiateLCDPins
                0x0000000000000000       0x56 ./Src/Src_HAL/LCD/HAL_LCD.o
 .text.HLCD_vInitiate
                0x0000000000000000       0x62 ./Src/Src_HAL/LCD/HAL_LCD.o
 .text.HLCD_WriteCommand
                0x0000000000000000      0x118 ./Src/Src_HAL/LCD/HAL_LCD.o
 .text.HLCD_WriteCharacter
                0x0000000000000000      0x118 ./Src/Src_HAL/LCD/HAL_LCD.o
 .text.HLCD_WriteString
                0x0000000000000000       0x38 ./Src/Src_HAL/LCD/HAL_LCD.o
 .text.HLCD_ClearScreen
                0x0000000000000000        0xe ./Src/Src_HAL/LCD/HAL_LCD.o
 .text.HLCD_GoTo
                0x0000000000000000       0x34 ./Src/Src_HAL/LCD/HAL_LCD.o
 .debug_info    0x0000000000000000      0x207 ./Src/Src_HAL/LCD/HAL_LCD.o
 .debug_abbrev  0x0000000000000000       0xc0 ./Src/Src_HAL/LCD/HAL_LCD.o
 .debug_aranges
                0x0000000000000000       0x50 ./Src/Src_HAL/LCD/HAL_LCD.o
 .debug_ranges  0x0000000000000000       0x40 ./Src/Src_HAL/LCD/HAL_LCD.o
 .debug_macro   0x0000000000000000       0xce ./Src/Src_HAL/LCD/HAL_LCD.o
 .debug_macro   0x0000000000000000      0xa7e ./Src/Src_HAL/LCD/HAL_LCD.o
 .debug_macro   0x0000000000000000       0x10 ./Src/Src_HAL/LCD/HAL_LCD.o
 .debug_macro   0x0000000000000000       0x70 ./Src/Src_HAL/LCD/HAL_LCD.o
 .debug_macro   0x0000000000000000       0x1c ./Src/Src_HAL/LCD/HAL_LCD.o
 .debug_macro   0x0000000000000000       0x5e ./Src/Src_HAL/LCD/HAL_LCD.o
 .debug_macro   0x0000000000000000       0x52 ./Src/Src_HAL/LCD/HAL_LCD.o
 .debug_macro   0x0000000000000000       0x34 ./Src/Src_HAL/LCD/HAL_LCD.o
 .debug_macro   0x0000000000000000       0x1c ./Src/Src_HAL/LCD/HAL_LCD.o
 .debug_macro   0x0000000000000000      0x17b ./Src/Src_HAL/LCD/HAL_LCD.o
 .debug_macro   0x0000000000000000      0x12a ./Src/Src_HAL/LCD/HAL_LCD.o
 .debug_macro   0x0000000000000000       0x52 ./Src/Src_HAL/LCD/HAL_LCD.o
 .debug_macro   0x0000000000000000      0x154 ./Src/Src_HAL/LCD/HAL_LCD.o
 .debug_line    0x0000000000000000      0x49e ./Src/Src_HAL/LCD/HAL_LCD.o
 .debug_str     0x0000000000000000     0x4600 ./Src/Src_HAL/LCD/HAL_LCD.o
 .comment       0x0000000000000000       0x51 ./Src/Src_HAL/LCD/HAL_LCD.o
 .debug_frame   0x0000000000000000       0xf4 ./Src/Src_HAL/LCD/HAL_LCD.o
 .ARM.attributes
                0x0000000000000000       0x34 ./Src/Src_HAL/LCD/HAL_LCD.o
 .group         0x0000000000000000        0xc ./Src/Src_HAL/LCD_AM/LCD_prog.o
 .group         0x0000000000000000        0xc ./Src/Src_HAL/LCD_AM/LCD_prog.o
 .group         0x0000000000000000        0xc ./Src/Src_HAL/LCD_AM/LCD_prog.o
 .group         0x0000000000000000        0xc ./Src/Src_HAL/LCD_AM/LCD_prog.o
 .group         0x0000000000000000        0xc ./Src/Src_HAL/LCD_AM/LCD_prog.o
 .group         0x0000000000000000        0xc ./Src/Src_HAL/LCD_AM/LCD_prog.o
 .text          0x0000000000000000        0x0 ./Src/Src_HAL/LCD_AM/LCD_prog.o
 .data          0x0000000000000000        0x0 ./Src/Src_HAL/LCD_AM/LCD_prog.o
 .bss           0x0000000000000000        0x0 ./Src/Src_HAL/LCD_AM/LCD_prog.o
 .text.LCD_WriteChar
                0x0000000000000000       0x1a ./Src/Src_HAL/LCD_AM/LCD_prog.o
 .text.HLCD_WriteString_AM
                0x0000000000000000       0x3c ./Src/Src_HAL/LCD_AM/LCD_prog.o
 .debug_macro   0x0000000000000000      0xa7e ./Src/Src_HAL/LCD_AM/LCD_prog.o
 .debug_macro   0x0000000000000000       0x10 ./Src/Src_HAL/LCD_AM/LCD_prog.o
 .debug_macro   0x0000000000000000       0x70 ./Src/Src_HAL/LCD_AM/LCD_prog.o
 .debug_macro   0x0000000000000000       0x52 ./Src/Src_HAL/LCD_AM/LCD_prog.o
 .debug_macro   0x0000000000000000      0x154 ./Src/Src_HAL/LCD_AM/LCD_prog.o
 .group         0x0000000000000000        0xc ./Src/Src_HAL/LED/HAL_LED.o
 .group         0x0000000000000000        0xc ./Src/Src_HAL/LED/HAL_LED.o
 .group         0x0000000000000000        0xc ./Src/Src_HAL/LED/HAL_LED.o
 .group         0x0000000000000000        0xc ./Src/Src_HAL/LED/HAL_LED.o
 .group         0x0000000000000000        0xc ./Src/Src_HAL/LED/HAL_LED.o
 .group         0x0000000000000000        0xc ./Src/Src_HAL/LED/HAL_LED.o
 .group         0x0000000000000000        0xc ./Src/Src_HAL/LED/HAL_LED.o
 .group         0x0000000000000000        0xc ./Src/Src_HAL/LED/HAL_LED.o
 .group         0x0000000000000000        0xc ./Src/Src_HAL/LED/HAL_LED.o
 .group         0x0000000000000000        0xc ./Src/Src_HAL/LED/HAL_LED.o
 .group         0x0000000000000000        0xc ./Src/Src_HAL/LED/HAL_LED.o
 .group         0x0000000000000000        0xc ./Src/Src_HAL/LED/HAL_LED.o
 .text          0x0000000000000000        0x0 ./Src/Src_HAL/LED/HAL_LED.o
 .data          0x0000000000000000        0x0 ./Src/Src_HAL/LED/HAL_LED.o
 .bss           0x0000000000000000        0x0 ./Src/Src_HAL/LED/HAL_LED.o
 .bss.LEDs_0_CFG
                0x0000000000000000        0x6 ./Src/Src_HAL/LED/HAL_LED.o
 .bss.LEDs_1_CFG
                0x0000000000000000        0x6 ./Src/Src_HAL/LED/HAL_LED.o
 .bss.LEDs_2_CFG
                0x0000000000000000        0x6 ./Src/Src_HAL/LED/HAL_LED.o
 .text.HLED_Sptr_LEDSelect
                0x0000000000000000       0x50 ./Src/Src_HAL/LED/HAL_LED.o
 .text.HLED_vInitLED
                0x0000000000000000       0xe8 ./Src/Src_HAL/LED/HAL_LED.o
 .text.HLED_vLEDStateControl
                0x0000000000000000       0x36 ./Src/Src_HAL/LED/HAL_LED.o
 .text.HLED_vToggelLED
                0x0000000000000000       0x30 ./Src/Src_HAL/LED/HAL_LED.o
 .debug_info    0x0000000000000000      0x2c6 ./Src/Src_HAL/LED/HAL_LED.o
 .debug_abbrev  0x0000000000000000       0xf0 ./Src/Src_HAL/LED/HAL_LED.o
 .debug_aranges
                0x0000000000000000       0x38 ./Src/Src_HAL/LED/HAL_LED.o
 .debug_ranges  0x0000000000000000       0x28 ./Src/Src_HAL/LED/HAL_LED.o
 .debug_macro   0x0000000000000000       0xc4 ./Src/Src_HAL/LED/HAL_LED.o
 .debug_macro   0x0000000000000000      0xa7e ./Src/Src_HAL/LED/HAL_LED.o
 .debug_macro   0x0000000000000000       0x10 ./Src/Src_HAL/LED/HAL_LED.o
 .debug_macro   0x0000000000000000       0x70 ./Src/Src_HAL/LED/HAL_LED.o
 .debug_macro   0x0000000000000000       0x22 ./Src/Src_HAL/LED/HAL_LED.o
 .debug_macro   0x0000000000000000       0x76 ./Src/Src_HAL/LED/HAL_LED.o
 .debug_macro   0x0000000000000000       0x34 ./Src/Src_HAL/LED/HAL_LED.o
 .debug_macro   0x0000000000000000       0x1c ./Src/Src_HAL/LED/HAL_LED.o
 .debug_macro   0x0000000000000000      0x17b ./Src/Src_HAL/LED/HAL_LED.o
 .debug_macro   0x0000000000000000      0x12a ./Src/Src_HAL/LED/HAL_LED.o
 .debug_macro   0x0000000000000000       0x52 ./Src/Src_HAL/LED/HAL_LED.o
 .debug_macro   0x0000000000000000      0x154 ./Src/Src_HAL/LED/HAL_LED.o
 .debug_macro   0x0000000000000000       0x16 ./Src/Src_HAL/LED/HAL_LED.o
 .debug_line    0x0000000000000000      0x404 ./Src/Src_HAL/LED/HAL_LED.o
 .debug_str     0x0000000000000000     0x4572 ./Src/Src_HAL/LED/HAL_LED.o
 .comment       0x0000000000000000       0x51 ./Src/Src_HAL/LED/HAL_LED.o
 .debug_frame   0x0000000000000000       0xa4 ./Src/Src_HAL/LED/HAL_LED.o
 .ARM.attributes
                0x0000000000000000       0x34 ./Src/Src_HAL/LED/HAL_LED.o
 .group         0x0000000000000000        0xc ./Src/Src_MCAL/EXTI_AM/EXTI_prog.o
 .group         0x0000000000000000        0xc ./Src/Src_MCAL/EXTI_AM/EXTI_prog.o
 .group         0x0000000000000000        0xc ./Src/Src_MCAL/EXTI_AM/EXTI_prog.o
 .group         0x0000000000000000        0xc ./Src/Src_MCAL/EXTI_AM/EXTI_prog.o
 .group         0x0000000000000000        0xc ./Src/Src_MCAL/EXTI_AM/EXTI_prog.o
 .text          0x0000000000000000        0x0 ./Src/Src_MCAL/EXTI_AM/EXTI_prog.o
 .data          0x0000000000000000        0x0 ./Src/Src_MCAL/EXTI_AM/EXTI_prog.o
 .bss           0x0000000000000000        0x0 ./Src/Src_MCAL/EXTI_AM/EXTI_prog.o
 .text.MEXTI_vEnableLine
                0x0000000000000000       0x2c ./Src/Src_MCAL/EXTI_AM/EXTI_prog.o
 .text.MEXTI_vDisableLine
                0x0000000000000000       0x30 ./Src/Src_MCAL/EXTI_AM/EXTI_prog.o
 .text.MEXTI_vEventTrigger
                0x0000000000000000       0xac ./Src/Src_MCAL/EXTI_AM/EXTI_prog.o
 .text.MEXTI_vSwiTrigger
                0x0000000000000000       0x2c ./Src/Src_MCAL/EXTI_AM/EXTI_prog.o
 .text.MEXTI_vGetPending
                0x0000000000000000       0x34 ./Src/Src_MCAL/EXTI_AM/EXTI_prog.o
 .text.MEXTI_vPortConfig
                0x0000000000000000       0xac ./Src/Src_MCAL/EXTI_AM/EXTI_prog.o
 .text.MEXTI1_vSetCallBack
                0x0000000000000000       0x20 ./Src/Src_MCAL/EXTI_AM/EXTI_prog.o
 .text.MEXTI0_vSetCallBack
                0x0000000000000000       0x20 ./Src/Src_MCAL/EXTI_AM/EXTI_prog.o
 .debug_macro   0x0000000000000000      0xa7e ./Src/Src_MCAL/EXTI_AM/EXTI_prog.o
 .group         0x0000000000000000        0xc ./Src/Src_MCAL/EXTIx/MCAL_EXTI.o
 .group         0x0000000000000000        0xc ./Src/Src_MCAL/EXTIx/MCAL_EXTI.o
 .group         0x0000000000000000        0xc ./Src/Src_MCAL/EXTIx/MCAL_EXTI.o
 .group         0x0000000000000000        0xc ./Src/Src_MCAL/EXTIx/MCAL_EXTI.o
 .text          0x0000000000000000        0x0 ./Src/Src_MCAL/EXTIx/MCAL_EXTI.o
 .data          0x0000000000000000        0x0 ./Src/Src_MCAL/EXTIx/MCAL_EXTI.o
 .bss           0x0000000000000000        0x0 ./Src/Src_MCAL/EXTIx/MCAL_EXTI.o
 .bss.EXTI_CallBack_Ptr
                0x0000000000000000       0x40 ./Src/Src_MCAL/EXTIx/MCAL_EXTI.o
 .text.MEXTI_vEnableInterruptLine
                0x0000000000000000       0x30 ./Src/Src_MCAL/EXTIx/MCAL_EXTI.o
 .text.MEXTI_vDisableInterruptLine
                0x0000000000000000       0x30 ./Src/Src_MCAL/EXTIx/MCAL_EXTI.o
 .text.MEXTI_vSelectEventTrigger
                0x0000000000000000       0xb8 ./Src/Src_MCAL/EXTIx/MCAL_EXTI.o
 .text.MEXTI_vSoftwareTrigger
                0x0000000000000000       0x30 ./Src/Src_MCAL/EXTIx/MCAL_EXTI.o
 .text.MEXTI_U8GetPendingInterrupt
                0x0000000000000000       0x34 ./Src/Src_MCAL/EXTIx/MCAL_EXTI.o
 .text.MEXTI_vSelectPort
                0x0000000000000000       0x74 ./Src/Src_MCAL/EXTIx/MCAL_EXTI.o
 .text.MEXTI_vSetCallBack
                0x0000000000000000       0x28 ./Src/Src_MCAL/EXTIx/MCAL_EXTI.o
 .text.EXTI0_IRQHandler
                0x0000000000000000       0x24 ./Src/Src_MCAL/EXTIx/MCAL_EXTI.o
 .text.EXTI1_IRQHandler
                0x0000000000000000       0x24 ./Src/Src_MCAL/EXTIx/MCAL_EXTI.o
 .text.EXTI2_IRQHandler
                0x0000000000000000       0x24 ./Src/Src_MCAL/EXTIx/MCAL_EXTI.o
 .text.EXTI3_IRQHandler
                0x0000000000000000       0x24 ./Src/Src_MCAL/EXTIx/MCAL_EXTI.o
 .text.EXTI4_IRQHandler
                0x0000000000000000       0x24 ./Src/Src_MCAL/EXTIx/MCAL_EXTI.o
 .text.EXTI5_IRQHandler
                0x0000000000000000       0x24 ./Src/Src_MCAL/EXTIx/MCAL_EXTI.o
 .text.EXTI6_IRQHandler
                0x0000000000000000       0x24 ./Src/Src_MCAL/EXTIx/MCAL_EXTI.o
 .text.EXTI7_IRQHandler
                0x0000000000000000       0x24 ./Src/Src_MCAL/EXTIx/MCAL_EXTI.o
 .text.EXTI8_IRQHandler
                0x0000000000000000       0x24 ./Src/Src_MCAL/EXTIx/MCAL_EXTI.o
 .text.EXTI9_IRQHandler
                0x0000000000000000       0x24 ./Src/Src_MCAL/EXTIx/MCAL_EXTI.o
 .text.EXTI10_IRQHandler
                0x0000000000000000       0x24 ./Src/Src_MCAL/EXTIx/MCAL_EXTI.o
 .text.EXTI11_IRQHandler
                0x0000000000000000       0x24 ./Src/Src_MCAL/EXTIx/MCAL_EXTI.o
 .text.EXTI12_IRQHandler
                0x0000000000000000       0x24 ./Src/Src_MCAL/EXTIx/MCAL_EXTI.o
 .text.EXT13_IRQHandler
                0x0000000000000000       0x24 ./Src/Src_MCAL/EXTIx/MCAL_EXTI.o
 .text.EXTI14_IRQHandler
                0x0000000000000000       0x24 ./Src/Src_MCAL/EXTIx/MCAL_EXTI.o
 .text.EXTI15_IRQHandler
                0x0000000000000000       0x24 ./Src/Src_MCAL/EXTIx/MCAL_EXTI.o
 .debug_info    0x0000000000000000      0x76d ./Src/Src_MCAL/EXTIx/MCAL_EXTI.o
 .debug_abbrev  0x0000000000000000      0x18c ./Src/Src_MCAL/EXTIx/MCAL_EXTI.o
 .debug_aranges
                0x0000000000000000       0xd0 ./Src/Src_MCAL/EXTIx/MCAL_EXTI.o
 .debug_ranges  0x0000000000000000       0xc0 ./Src/Src_MCAL/EXTIx/MCAL_EXTI.o
 .debug_macro   0x0000000000000000       0x6c ./Src/Src_MCAL/EXTIx/MCAL_EXTI.o
 .debug_macro   0x0000000000000000      0xa7e ./Src/Src_MCAL/EXTIx/MCAL_EXTI.o
 .debug_macro   0x0000000000000000       0x10 ./Src/Src_MCAL/EXTIx/MCAL_EXTI.o
 .debug_macro   0x0000000000000000       0x70 ./Src/Src_MCAL/EXTIx/MCAL_EXTI.o
 .debug_macro   0x0000000000000000       0x22 ./Src/Src_MCAL/EXTIx/MCAL_EXTI.o
 .debug_line    0x0000000000000000      0x4a3 ./Src/Src_MCAL/EXTIx/MCAL_EXTI.o
 .debug_str     0x0000000000000000     0x37a1 ./Src/Src_MCAL/EXTIx/MCAL_EXTI.o
 .comment       0x0000000000000000       0x51 ./Src/Src_MCAL/EXTIx/MCAL_EXTI.o
 .debug_frame   0x0000000000000000      0x2e8 ./Src/Src_MCAL/EXTIx/MCAL_EXTI.o
 .ARM.attributes
                0x0000000000000000       0x34 ./Src/Src_MCAL/EXTIx/MCAL_EXTI.o
 .group         0x0000000000000000        0xc ./Src/Src_MCAL/GPIO/MCAL_GPIO.o
 .group         0x0000000000000000        0xc ./Src/Src_MCAL/GPIO/MCAL_GPIO.o
 .group         0x0000000000000000        0xc ./Src/Src_MCAL/GPIO/MCAL_GPIO.o
 .group         0x0000000000000000        0xc ./Src/Src_MCAL/GPIO/MCAL_GPIO.o
 .group         0x0000000000000000        0xc ./Src/Src_MCAL/GPIO/MCAL_GPIO.o
 .text          0x0000000000000000        0x0 ./Src/Src_MCAL/GPIO/MCAL_GPIO.o
 .data          0x0000000000000000        0x0 ./Src/Src_MCAL/GPIO/MCAL_GPIO.o
 .bss           0x0000000000000000        0x0 ./Src/Src_MCAL/GPIO/MCAL_GPIO.o
 .text.MGPIO_vFastPortConfigMode
                0x0000000000000000       0x88 ./Src/Src_MCAL/GPIO/MCAL_GPIO.o
 .text.MGPIO_vSetPinPullType
                0x0000000000000000       0xf0 ./Src/Src_MCAL/GPIO/MCAL_GPIO.o
 .text.MGPIO_U8ReadPinData
                0x0000000000000000       0xd8 ./Src/Src_MCAL/GPIO/MCAL_GPIO.o
 .text.MGPIO_U16ReadPortData
                0x0000000000000000       0x90 ./Src/Src_MCAL/GPIO/MCAL_GPIO.o
 .text.MGPIO_vWritePortData
                0x0000000000000000       0x8c ./Src/Src_MCAL/GPIO/MCAL_GPIO.o
 .text.MGPIO_vWritePortByteData
                0x0000000000000000       0xcc ./Src/Src_MCAL/GPIO/MCAL_GPIO.o
 .text.MGPIO_vWritePortNibbleData
                0x0000000000000000      0x12c ./Src/Src_MCAL/GPIO/MCAL_GPIO.o
 .text.MGPIO_vToggle_Pin
                0x0000000000000000       0xec ./Src/Src_MCAL/GPIO/MCAL_GPIO.o
 .text.MGPIO_vPinLock
                0x0000000000000000       0xe0 ./Src/Src_MCAL/GPIO/MCAL_GPIO.o
 .text.MGPIO_vSetPinAltFun
                0x0000000000000000      0x1b8 ./Src/Src_MCAL/GPIO/MCAL_GPIO.o
 .debug_macro   0x0000000000000000      0xa7e ./Src/Src_MCAL/GPIO/MCAL_GPIO.o
 .debug_macro   0x0000000000000000       0x10 ./Src/Src_MCAL/GPIO/MCAL_GPIO.o
 .debug_macro   0x0000000000000000       0x70 ./Src/Src_MCAL/GPIO/MCAL_GPIO.o
 .debug_macro   0x0000000000000000       0x52 ./Src/Src_MCAL/GPIO/MCAL_GPIO.o
 .debug_macro   0x0000000000000000      0x154 ./Src/Src_MCAL/GPIO/MCAL_GPIO.o
 .group         0x0000000000000000        0xc ./Src/Src_MCAL/NVIC/MCAL_NVIC.o
 .group         0x0000000000000000        0xc ./Src/Src_MCAL/NVIC/MCAL_NVIC.o
 .group         0x0000000000000000        0xc ./Src/Src_MCAL/NVIC/MCAL_NVIC.o
 .group         0x0000000000000000        0xc ./Src/Src_MCAL/NVIC/MCAL_NVIC.o
 .group         0x0000000000000000        0xc ./Src/Src_MCAL/NVIC/MCAL_NVIC.o
 .group         0x0000000000000000        0xc ./Src/Src_MCAL/NVIC/MCAL_NVIC.o
 .group         0x0000000000000000        0xc ./Src/Src_MCAL/NVIC/MCAL_NVIC.o
 .text          0x0000000000000000        0x0 ./Src/Src_MCAL/NVIC/MCAL_NVIC.o
 .data          0x0000000000000000        0x0 ./Src/Src_MCAL/NVIC/MCAL_NVIC.o
 .bss           0x0000000000000000        0x0 ./Src/Src_MCAL/NVIC/MCAL_NVIC.o
 .text.MNVIC_vEnableInterruptRequest_IRQ
                0x0000000000000000       0x40 ./Src/Src_MCAL/NVIC/MCAL_NVIC.o
 .text.MNVIC_vDisableInterruptRequest_IRQ
                0x0000000000000000       0x44 ./Src/Src_MCAL/NVIC/MCAL_NVIC.o
 .text.MNVIC_vSet_IRQPendingInterrupt
                0x0000000000000000       0x44 ./Src/Src_MCAL/NVIC/MCAL_NVIC.o
 .text.MNVIC_vClear_IRQPendingInterrupt
                0x0000000000000000       0x44 ./Src/Src_MCAL/NVIC/MCAL_NVIC.o
 .text.MNVIC_U8Get_IRQ_ActiveFlag
                0x0000000000000000       0x40 ./Src/Src_MCAL/NVIC/MCAL_NVIC.o
 .text.MNVIC_vASetGroupSubgroupPriority
                0x0000000000000000       0x40 ./Src/Src_MCAL/NVIC/MCAL_NVIC.o
 .debug_info    0x0000000000000000      0x889 ./Src/Src_MCAL/NVIC/MCAL_NVIC.o
 .debug_abbrev  0x0000000000000000      0x169 ./Src/Src_MCAL/NVIC/MCAL_NVIC.o
 .debug_aranges
                0x0000000000000000       0x48 ./Src/Src_MCAL/NVIC/MCAL_NVIC.o
 .debug_ranges  0x0000000000000000       0x38 ./Src/Src_MCAL/NVIC/MCAL_NVIC.o
 .debug_macro   0x0000000000000000       0x6f ./Src/Src_MCAL/NVIC/MCAL_NVIC.o
 .debug_macro   0x0000000000000000      0xa7e ./Src/Src_MCAL/NVIC/MCAL_NVIC.o
 .debug_macro   0x0000000000000000       0x10 ./Src/Src_MCAL/NVIC/MCAL_NVIC.o
 .debug_macro   0x0000000000000000       0x70 ./Src/Src_MCAL/NVIC/MCAL_NVIC.o
 .debug_macro   0x0000000000000000       0x28 ./Src/Src_MCAL/NVIC/MCAL_NVIC.o
 .debug_macro   0x0000000000000000       0x10 ./Src/Src_MCAL/NVIC/MCAL_NVIC.o
 .debug_macro   0x0000000000000000       0x28 ./Src/Src_MCAL/NVIC/MCAL_NVIC.o
 .debug_macro   0x0000000000000000       0x22 ./Src/Src_MCAL/NVIC/MCAL_NVIC.o
 .debug_line    0x0000000000000000      0x27d ./Src/Src_MCAL/NVIC/MCAL_NVIC.o
 .debug_str     0x0000000000000000     0x39fe ./Src/Src_MCAL/NVIC/MCAL_NVIC.o
 .comment       0x0000000000000000       0x51 ./Src/Src_MCAL/NVIC/MCAL_NVIC.o
 .debug_frame   0x0000000000000000      0x100 ./Src/Src_MCAL/NVIC/MCAL_NVIC.o
 .ARM.attributes
                0x0000000000000000       0x34 ./Src/Src_MCAL/NVIC/MCAL_NVIC.o
 .group         0x0000000000000000        0xc ./Src/Src_MCAL/RCC/MCAL_RCC.o
 .group         0x0000000000000000        0xc ./Src/Src_MCAL/RCC/MCAL_RCC.o
 .group         0x0000000000000000        0xc ./Src/Src_MCAL/RCC/MCAL_RCC.o
 .group         0x0000000000000000        0xc ./Src/Src_MCAL/RCC/MCAL_RCC.o
 .group         0x0000000000000000        0xc ./Src/Src_MCAL/RCC/MCAL_RCC.o
 .group         0x0000000000000000        0xc ./Src/Src_MCAL/RCC/MCAL_RCC.o
 .group         0x0000000000000000        0xc ./Src/Src_MCAL/RCC/MCAL_RCC.o
 .text          0x0000000000000000        0x0 ./Src/Src_MCAL/RCC/MCAL_RCC.o
 .data          0x0000000000000000        0x0 ./Src/Src_MCAL/RCC/MCAL_RCC.o
 .bss           0x0000000000000000        0x0 ./Src/Src_MCAL/RCC/MCAL_RCC.o
 .text.MRCC_vDisableBusClock
                0x0000000000000000       0xa0 ./Src/Src_MCAL/RCC/MCAL_RCC.o
 .text.MRCC_vEnableSecuritySystem
                0x0000000000000000       0x20 ./Src/Src_MCAL/RCC/MCAL_RCC.o
 .text.MRCC_vDisableSecuritySystem
                0x0000000000000000       0x20 ./Src/Src_MCAL/RCC/MCAL_RCC.o
 .text.MRCC_vOutMCO_1
                0x0000000000000000       0xa4 ./Src/Src_MCAL/RCC/MCAL_RCC.o
 .text.MRCC_vOutMCO_1_Prescaler
                0x0000000000000000       0xe4 ./Src/Src_MCAL/RCC/MCAL_RCC.o
 .debug_macro   0x0000000000000000      0xa7e ./Src/Src_MCAL/RCC/MCAL_RCC.o
 .debug_macro   0x0000000000000000       0x10 ./Src/Src_MCAL/RCC/MCAL_RCC.o
 .debug_macro   0x0000000000000000       0x70 ./Src/Src_MCAL/RCC/MCAL_RCC.o
 .debug_macro   0x0000000000000000       0x34 ./Src/Src_MCAL/RCC/MCAL_RCC.o
 .debug_macro   0x0000000000000000       0x1c ./Src/Src_MCAL/RCC/MCAL_RCC.o
 .debug_macro   0x0000000000000000      0x17b ./Src/Src_MCAL/RCC/MCAL_RCC.o
 .debug_macro   0x0000000000000000      0x12a ./Src/Src_MCAL/RCC/MCAL_RCC.o
 .group         0x0000000000000000        0xc ./Src/Src_MCAL/SYSTIK/MCAL_SYSTIK.o
 .group         0x0000000000000000        0xc ./Src/Src_MCAL/SYSTIK/MCAL_SYSTIK.o
 .group         0x0000000000000000        0xc ./Src/Src_MCAL/SYSTIK/MCAL_SYSTIK.o
 .group         0x0000000000000000        0xc ./Src/Src_MCAL/SYSTIK/MCAL_SYSTIK.o
 .group         0x0000000000000000        0xc ./Src/Src_MCAL/SYSTIK/MCAL_SYSTIK.o
 .text          0x0000000000000000        0x0 ./Src/Src_MCAL/SYSTIK/MCAL_SYSTIK.o
 .data          0x0000000000000000        0x0 ./Src/Src_MCAL/SYSTIK/MCAL_SYSTIK.o
 .bss           0x0000000000000000        0x0 ./Src/Src_MCAL/SYSTIK/MCAL_SYSTIK.o
 .text.STK_Stop
                0x0000000000000000       0x38 ./Src/Src_MCAL/SYSTIK/MCAL_SYSTIK.o
 .text.STK_DelayMs
                0x0000000000000000       0x58 ./Src/Src_MCAL/SYSTIK/MCAL_SYSTIK.o
 .text.STK_DelayUs
                0x0000000000000000       0x64 ./Src/Src_MCAL/SYSTIK/MCAL_SYSTIK.o
 .text.STK_PeriodicCallBackMs
                0x0000000000000000       0x5c ./Src/Src_MCAL/SYSTIK/MCAL_SYSTIK.o
 .text.STK_SingleCallBackMs
                0x0000000000000000       0x5c ./Src/Src_MCAL/SYSTIK/MCAL_SYSTIK.o
 .text.STK_GetRemainingTime
                0x0000000000000000       0x20 ./Src/Src_MCAL/SYSTIK/MCAL_SYSTIK.o
 .text.STK_GetElapsedTime
                0x0000000000000000       0x24 ./Src/Src_MCAL/SYSTIK/MCAL_SYSTIK.o
 .text.STK_PWM  0x0000000000000000       0x98 ./Src/Src_MCAL/SYSTIK/MCAL_SYSTIK.o
 .debug_macro   0x0000000000000000      0xa7e ./Src/Src_MCAL/SYSTIK/MCAL_SYSTIK.o
 .debug_macro   0x0000000000000000       0x10 ./Src/Src_MCAL/SYSTIK/MCAL_SYSTIK.o
 .debug_macro   0x0000000000000000       0x70 ./Src/Src_MCAL/SYSTIK/MCAL_SYSTIK.o
 .group         0x0000000000000000        0xc ./Src/main.o
 .group         0x0000000000000000        0xc ./Src/main.o
 .group         0x0000000000000000        0xc ./Src/main.o
 .group         0x0000000000000000        0xc ./Src/main.o
 .group         0x0000000000000000        0xc ./Src/main.o
 .group         0x0000000000000000        0xc ./Src/main.o
 .group         0x0000000000000000        0xc ./Src/main.o
 .group         0x0000000000000000        0xc ./Src/main.o
 .group         0x0000000000000000        0xc ./Src/main.o
 .group         0x0000000000000000        0xc ./Src/main.o
 .group         0x0000000000000000        0xc ./Src/main.o
 .group         0x0000000000000000        0xc ./Src/main.o
 .group         0x0000000000000000        0xc ./Src/main.o
 .group         0x0000000000000000        0xc ./Src/main.o
 .group         0x0000000000000000        0xc ./Src/main.o
 .group         0x0000000000000000        0xc ./Src/main.o
 .group         0x0000000000000000        0xc ./Src/main.o
 .group         0x0000000000000000        0xc ./Src/main.o
 .group         0x0000000000000000        0xc ./Src/main.o
 .group         0x0000000000000000        0xc ./Src/main.o
 .group         0x0000000000000000        0xc ./Src/main.o
 .group         0x0000000000000000        0xc ./Src/main.o
 .group         0x0000000000000000        0xc ./Src/main.o
 .group         0x0000000000000000        0xc ./Src/main.o
 .group         0x0000000000000000        0xc ./Src/main.o
 .group         0x0000000000000000        0xc ./Src/main.o
 .group         0x0000000000000000        0xc ./Src/main.o
 .group         0x0000000000000000        0xc ./Src/main.o
 .text          0x0000000000000000        0x0 ./Src/main.o
 .data          0x0000000000000000        0x0 ./Src/main.o
 .bss           0x0000000000000000        0x0 ./Src/main.o
 .bss.Key_Flag  0x0000000000000000        0x1 ./Src/main.o
 .bss.i         0x0000000000000000        0x1 ./Src/main.o
 .debug_macro   0x0000000000000000      0xa7e ./Src/main.o
 .debug_macro   0x0000000000000000       0x10 ./Src/main.o
 .debug_macro   0x0000000000000000       0x70 ./Src/main.o
 .debug_macro   0x0000000000000000       0x22 ./Src/main.o
 .debug_macro   0x0000000000000000       0x76 ./Src/main.o
 .debug_macro   0x0000000000000000       0x34 ./Src/main.o
 .debug_macro   0x0000000000000000       0x1c ./Src/main.o
 .debug_macro   0x0000000000000000      0x17b ./Src/main.o
 .debug_macro   0x0000000000000000      0x12a ./Src/main.o
 .debug_macro   0x0000000000000000       0x52 ./Src/main.o
 .debug_macro   0x0000000000000000      0x154 ./Src/main.o
 .debug_macro   0x0000000000000000       0x16 ./Src/main.o
 .debug_macro   0x0000000000000000       0x28 ./Src/main.o
 .debug_macro   0x0000000000000000       0x10 ./Src/main.o
 .debug_macro   0x0000000000000000       0x28 ./Src/main.o
 .debug_macro   0x0000000000000000       0x22 ./Src/main.o
 .debug_macro   0x0000000000000000       0x22 ./Src/main.o
 .debug_macro   0x0000000000000000       0x16 ./Src/main.o
 .debug_macro   0x0000000000000000       0x58 ./Src/main.o
 .debug_macro   0x0000000000000000       0x1c ./Src/main.o
 .debug_macro   0x0000000000000000       0x5e ./Src/main.o
 .debug_macro   0x0000000000000000       0x52 ./Src/main.o
 .debug_macro   0x0000000000000000       0x34 ./Src/main.o
 .debug_macro   0x0000000000000000       0x16 ./Src/main.o
 .debug_macro   0x0000000000000000       0x22 ./Src/main.o
 .debug_macro   0x0000000000000000       0x22 ./Src/main.o
 .debug_macro   0x0000000000000000       0x10 ./Src/main.o
 .debug_macro   0x0000000000000000       0x10 ./Src/main.o
 .group         0x0000000000000000        0xc ./Src/syscalls.o
 .group         0x0000000000000000        0xc ./Src/syscalls.o
 .group         0x0000000000000000        0xc ./Src/syscalls.o
 .group         0x0000000000000000        0xc ./Src/syscalls.o
 .group         0x0000000000000000        0xc ./Src/syscalls.o
 .group         0x0000000000000000        0xc ./Src/syscalls.o
 .group         0x0000000000000000        0xc ./Src/syscalls.o
 .group         0x0000000000000000        0xc ./Src/syscalls.o
 .group         0x0000000000000000        0xc ./Src/syscalls.o
 .group         0x0000000000000000        0xc ./Src/syscalls.o
 .group         0x0000000000000000        0xc ./Src/syscalls.o
 .group         0x0000000000000000        0xc ./Src/syscalls.o
 .group         0x0000000000000000        0xc ./Src/syscalls.o
 .group         0x0000000000000000        0xc ./Src/syscalls.o
 .group         0x0000000000000000        0xc ./Src/syscalls.o
 .group         0x0000000000000000        0xc ./Src/syscalls.o
 .group         0x0000000000000000        0xc ./Src/syscalls.o
 .group         0x0000000000000000        0xc ./Src/syscalls.o
 .group         0x0000000000000000        0xc ./Src/syscalls.o
 .group         0x0000000000000000        0xc ./Src/syscalls.o
 .group         0x0000000000000000        0xc ./Src/syscalls.o
 .group         0x0000000000000000        0xc ./Src/syscalls.o
 .group         0x0000000000000000        0xc ./Src/syscalls.o
 .group         0x0000000000000000        0xc ./Src/syscalls.o
 .group         0x0000000000000000        0xc ./Src/syscalls.o
 .group         0x0000000000000000        0xc ./Src/syscalls.o
 .group         0x0000000000000000        0xc ./Src/syscalls.o
 .group         0x0000000000000000        0xc ./Src/syscalls.o
 .group         0x0000000000000000        0xc ./Src/syscalls.o
 .group         0x0000000000000000        0xc ./Src/syscalls.o
 .group         0x0000000000000000        0xc ./Src/syscalls.o
 .group         0x0000000000000000        0xc ./Src/syscalls.o
 .group         0x0000000000000000        0xc ./Src/syscalls.o
 .group         0x0000000000000000        0xc ./Src/syscalls.o
 .group         0x0000000000000000        0xc ./Src/syscalls.o
 .group         0x0000000000000000        0xc ./Src/syscalls.o
 .group         0x0000000000000000        0xc ./Src/syscalls.o
 .group         0x0000000000000000        0xc ./Src/syscalls.o
 .group         0x0000000000000000        0xc ./Src/syscalls.o
 .group         0x0000000000000000        0xc ./Src/syscalls.o
 .group         0x0000000000000000        0xc ./Src/syscalls.o
 .group         0x0000000000000000        0xc ./Src/syscalls.o
 .group         0x0000000000000000        0xc ./Src/syscalls.o
 .group         0x0000000000000000        0xc ./Src/syscalls.o
 .group         0x0000000000000000        0xc ./Src/syscalls.o
 .group         0x0000000000000000        0xc ./Src/syscalls.o
 .group         0x0000000000000000        0xc ./Src/syscalls.o
 .text          0x0000000000000000        0x0 ./Src/syscalls.o
 .data          0x0000000000000000        0x0 ./Src/syscalls.o
 .bss           0x0000000000000000        0x0 ./Src/syscalls.o
 .bss.__env     0x0000000000000000        0x4 ./Src/syscalls.o
 .data.environ  0x0000000000000000        0x4 ./Src/syscalls.o
 .text.initialise_monitor_handles
                0x0000000000000000        0xe ./Src/syscalls.o
 .text._getpid  0x0000000000000000       0x10 ./Src/syscalls.o
 .text._kill    0x0000000000000000       0x20 ./Src/syscalls.o
 .text._exit    0x0000000000000000       0x14 ./Src/syscalls.o
 .text._read    0x0000000000000000       0x3a ./Src/syscalls.o
 .text._write   0x0000000000000000       0x38 ./Src/syscalls.o
 .text._close   0x0000000000000000       0x18 ./Src/syscalls.o
 .text._fstat   0x0000000000000000       0x20 ./Src/syscalls.o
 .text._isatty  0x0000000000000000       0x16 ./Src/syscalls.o
 .text._lseek   0x0000000000000000       0x1a ./Src/syscalls.o
 .text._open    0x0000000000000000       0x1c ./Src/syscalls.o
 .text._wait    0x0000000000000000       0x1e ./Src/syscalls.o
 .text._unlink  0x0000000000000000       0x1e ./Src/syscalls.o
 .text._times   0x0000000000000000       0x18 ./Src/syscalls.o
 .text._stat    0x0000000000000000       0x20 ./Src/syscalls.o
 .text._link    0x0000000000000000       0x20 ./Src/syscalls.o
 .text._fork    0x0000000000000000       0x16 ./Src/syscalls.o
 .text._execve  0x0000000000000000       0x22 ./Src/syscalls.o
 .debug_info    0x0000000000000000      0x6e0 ./Src/syscalls.o
 .debug_abbrev  0x0000000000000000      0x1b3 ./Src/syscalls.o
 .debug_aranges
                0x0000000000000000       0xa8 ./Src/syscalls.o
 .debug_ranges  0x0000000000000000       0x98 ./Src/syscalls.o
 .debug_macro   0x0000000000000000      0x24c ./Src/syscalls.o
 .debug_macro   0x0000000000000000      0xa7e ./Src/syscalls.o
 .debug_macro   0x0000000000000000       0x22 ./Src/syscalls.o
 .debug_macro   0x0000000000000000       0x4c ./Src/syscalls.o
 .debug_macro   0x0000000000000000       0x1e ./Src/syscalls.o
 .debug_macro   0x0000000000000000       0x94 ./Src/syscalls.o
 .debug_macro   0x0000000000000000       0x3c ./Src/syscalls.o
 .debug_macro   0x0000000000000000       0x34 ./Src/syscalls.o
 .debug_macro   0x0000000000000000       0x57 ./Src/syscalls.o
 .debug_macro   0x0000000000000000      0x174 ./Src/syscalls.o
 .debug_macro   0x0000000000000000      0x341 ./Src/syscalls.o
 .debug_macro   0x0000000000000000       0x16 ./Src/syscalls.o
 .debug_macro   0x0000000000000000       0x43 ./Src/syscalls.o
 .debug_macro   0x0000000000000000       0x34 ./Src/syscalls.o
 .debug_macro   0x0000000000000000       0x10 ./Src/syscalls.o
 .debug_macro   0x0000000000000000       0x58 ./Src/syscalls.o
 .debug_macro   0x0000000000000000       0x71 ./Src/syscalls.o
 .debug_macro   0x0000000000000000       0x1c ./Src/syscalls.o
 .debug_macro   0x0000000000000000      0x12a ./Src/syscalls.o
 .debug_macro   0x0000000000000000       0x10 ./Src/syscalls.o
 .debug_macro   0x0000000000000000       0x35 ./Src/syscalls.o
 .debug_macro   0x0000000000000000       0x10 ./Src/syscalls.o
 .debug_macro   0x0000000000000000       0x10 ./Src/syscalls.o
 .debug_macro   0x0000000000000000       0x10 ./Src/syscalls.o
 .debug_macro   0x0000000000000000       0x6a ./Src/syscalls.o
 .debug_macro   0x0000000000000000       0x1c ./Src/syscalls.o
 .debug_macro   0x0000000000000000       0x52 ./Src/syscalls.o
 .debug_macro   0x0000000000000000       0x22 ./Src/syscalls.o
 .debug_macro   0x0000000000000000       0x10 ./Src/syscalls.o
 .debug_macro   0x0000000000000000       0x52 ./Src/syscalls.o
 .debug_macro   0x0000000000000000       0xd5 ./Src/syscalls.o
 .debug_macro   0x0000000000000000       0x1c ./Src/syscalls.o
 .debug_macro   0x0000000000000000       0x3d ./Src/syscalls.o
 .debug_macro   0x0000000000000000       0x35 ./Src/syscalls.o
 .debug_macro   0x0000000000000000      0x12c ./Src/syscalls.o
 .debug_macro   0x0000000000000000       0x16 ./Src/syscalls.o
 .debug_macro   0x0000000000000000       0x16 ./Src/syscalls.o
 .debug_macro   0x0000000000000000       0x29 ./Src/syscalls.o
 .debug_macro   0x0000000000000000       0x10 ./Src/syscalls.o
 .debug_macro   0x0000000000000000      0x241 ./Src/syscalls.o
 .debug_macro   0x0000000000000000       0x1c ./Src/syscalls.o
 .debug_macro   0x0000000000000000       0x10 ./Src/syscalls.o
 .debug_macro   0x0000000000000000       0x10 ./Src/syscalls.o
 .debug_macro   0x0000000000000000       0x16 ./Src/syscalls.o
 .debug_macro   0x0000000000000000      0x145 ./Src/syscalls.o
 .debug_macro   0x0000000000000000      0x189 ./Src/syscalls.o
 .debug_macro   0x0000000000000000       0x16 ./Src/syscalls.o
 .debug_macro   0x0000000000000000       0xce ./Src/syscalls.o
 .debug_line    0x0000000000000000      0x7ea ./Src/syscalls.o
 .debug_str     0x0000000000000000     0x8a8f ./Src/syscalls.o
 .comment       0x0000000000000000       0x51 ./Src/syscalls.o
 .debug_frame   0x0000000000000000      0x2ac ./Src/syscalls.o
 .ARM.attributes
                0x0000000000000000       0x34 ./Src/syscalls.o
 .group         0x0000000000000000        0xc ./Src/sysmem.o
 .group         0x0000000000000000        0xc ./Src/sysmem.o
 .group         0x0000000000000000        0xc ./Src/sysmem.o
 .group         0x0000000000000000        0xc ./Src/sysmem.o
 .group         0x0000000000000000        0xc ./Src/sysmem.o
 .group         0x0000000000000000        0xc ./Src/sysmem.o
 .group         0x0000000000000000        0xc ./Src/sysmem.o
 .group         0x0000000000000000        0xc ./Src/sysmem.o
 .group         0x0000000000000000        0xc ./Src/sysmem.o
 .group         0x0000000000000000        0xc ./Src/sysmem.o
 .group         0x0000000000000000        0xc ./Src/sysmem.o
 .group         0x0000000000000000        0xc ./Src/sysmem.o
 .group         0x0000000000000000        0xc ./Src/sysmem.o
 .group         0x0000000000000000        0xc ./Src/sysmem.o
 .group         0x0000000000000000        0xc ./Src/sysmem.o
 .group         0x0000000000000000        0xc ./Src/sysmem.o
 .group         0x0000000000000000        0xc ./Src/sysmem.o
 .group         0x0000000000000000        0xc ./Src/sysmem.o
 .group         0x0000000000000000        0xc ./Src/sysmem.o
 .group         0x0000000000000000        0xc ./Src/sysmem.o
 .group         0x0000000000000000        0xc ./Src/sysmem.o
 .group         0x0000000000000000        0xc ./Src/sysmem.o
 .text          0x0000000000000000        0x0 ./Src/sysmem.o
 .data          0x0000000000000000        0x0 ./Src/sysmem.o
 .bss           0x0000000000000000        0x0 ./Src/sysmem.o
 .bss.__sbrk_heap_end
                0x0000000000000000        0x4 ./Src/sysmem.o
 .text._sbrk    0x0000000000000000       0x6c ./Src/sysmem.o
 .debug_info    0x0000000000000000      0x171 ./Src/sysmem.o
 .debug_abbrev  0x0000000000000000       0xbb ./Src/sysmem.o
 .debug_aranges
                0x0000000000000000       0x20 ./Src/sysmem.o
 .debug_ranges  0x0000000000000000       0x10 ./Src/sysmem.o
 .debug_macro   0x0000000000000000       0xff ./Src/sysmem.o
 .debug_macro   0x0000000000000000      0xa7e ./Src/sysmem.o
 .debug_macro   0x0000000000000000       0x10 ./Src/sysmem.o
 .debug_macro   0x0000000000000000       0x22 ./Src/sysmem.o
 .debug_macro   0x0000000000000000       0x4c ./Src/sysmem.o
 .debug_macro   0x0000000000000000       0x1e ./Src/sysmem.o
 .debug_macro   0x0000000000000000       0x94 ./Src/sysmem.o
 .debug_macro   0x0000000000000000       0x3c ./Src/sysmem.o
 .debug_macro   0x0000000000000000       0x34 ./Src/sysmem.o
 .debug_macro   0x0000000000000000      0x174 ./Src/sysmem.o
 .debug_macro   0x0000000000000000       0x16 ./Src/sysmem.o
 .debug_macro   0x0000000000000000       0x43 ./Src/sysmem.o
 .debug_macro   0x0000000000000000       0x57 ./Src/sysmem.o
 .debug_macro   0x0000000000000000       0x34 ./Src/sysmem.o
 .debug_macro   0x0000000000000000       0x10 ./Src/sysmem.o
 .debug_macro   0x0000000000000000       0x58 ./Src/sysmem.o
 .debug_macro   0x0000000000000000       0x71 ./Src/sysmem.o
 .debug_macro   0x0000000000000000       0x1c ./Src/sysmem.o
 .debug_macro   0x0000000000000000      0x12a ./Src/sysmem.o
 .debug_macro   0x0000000000000000      0x23b ./Src/sysmem.o
 .debug_macro   0x0000000000000000      0x103 ./Src/sysmem.o
 .debug_macro   0x0000000000000000       0x6a ./Src/sysmem.o
 .debug_macro   0x0000000000000000      0x1df ./Src/sysmem.o
 .debug_line    0x0000000000000000      0x4e0 ./Src/sysmem.o
 .debug_str     0x0000000000000000     0x5dcb ./Src/sysmem.o
 .comment       0x0000000000000000       0x51 ./Src/sysmem.o
 .debug_frame   0x0000000000000000       0x34 ./Src/sysmem.o
 .ARM.attributes
                0x0000000000000000       0x34 ./Src/sysmem.o
 .text          0x0000000000000000       0x14 ./Startup/startup_stm32f401vetx.o
 .data          0x0000000000000000        0x0 ./Startup/startup_stm32f401vetx.o
 .bss           0x0000000000000000        0x0 ./Startup/startup_stm32f401vetx.o
 .text          0x0000000000000000        0x0 c:/st/stm32cubeide_1.9.0/stm32cubeide/plugins/com.st.stm32cube.ide.mcu.externaltools.gnu-tools-for-stm32.10.3-2021.10.win32_1.0.0.202111181127/tools/bin/../lib/gcc/arm-none-eabi/10.3.1/../../../../arm-none-eabi/lib/thumb/v7e-m+fp/hard\libc_nano.a(lib_a-errno.o)
 .data          0x0000000000000000        0x0 c:/st/stm32cubeide_1.9.0/stm32cubeide/plugins/com.st.stm32cube.ide.mcu.externaltools.gnu-tools-for-stm32.10.3-2021.10.win32_1.0.0.202111181127/tools/bin/../lib/gcc/arm-none-eabi/10.3.1/../../../../arm-none-eabi/lib/thumb/v7e-m+fp/hard\libc_nano.a(lib_a-errno.o)
 .bss           0x0000000000000000        0x0 c:/st/stm32cubeide_1.9.0/stm32cubeide/plugins/com.st.stm32cube.ide.mcu.externaltools.gnu-tools-for-stm32.10.3-2021.10.win32_1.0.0.202111181127/tools/bin/../lib/gcc/arm-none-eabi/10.3.1/../../../../arm-none-eabi/lib/thumb/v7e-m+fp/hard\libc_nano.a(lib_a-errno.o)
 .text.__errno  0x0000000000000000        0xc c:/st/stm32cubeide_1.9.0/stm32cubeide/plugins/com.st.stm32cube.ide.mcu.externaltools.gnu-tools-for-stm32.10.3-2021.10.win32_1.0.0.202111181127/tools/bin/../lib/gcc/arm-none-eabi/10.3.1/../../../../arm-none-eabi/lib/thumb/v7e-m+fp/hard\libc_nano.a(lib_a-errno.o)
 .debug_frame   0x0000000000000000       0x20 c:/st/stm32cubeide_1.9.0/stm32cubeide/plugins/com.st.stm32cube.ide.mcu.externaltools.gnu-tools-for-stm32.10.3-2021.10.win32_1.0.0.202111181127/tools/bin/../lib/gcc/arm-none-eabi/10.3.1/../../../../arm-none-eabi/lib/thumb/v7e-m+fp/hard\libc_nano.a(lib_a-errno.o)
 .ARM.attributes
                0x0000000000000000       0x34 c:/st/stm32cubeide_1.9.0/stm32cubeide/plugins/com.st.stm32cube.ide.mcu.externaltools.gnu-tools-for-stm32.10.3-2021.10.win32_1.0.0.202111181127/tools/bin/../lib/gcc/arm-none-eabi/10.3.1/../../../../arm-none-eabi/lib/thumb/v7e-m+fp/hard\libc_nano.a(lib_a-errno.o)
 .text          0x0000000000000000        0x0 c:/st/stm32cubeide_1.9.0/stm32cubeide/plugins/com.st.stm32cube.ide.mcu.externaltools.gnu-tools-for-stm32.10.3-2021.10.win32_1.0.0.202111181127/tools/bin/../lib/gcc/arm-none-eabi/10.3.1/../../../../arm-none-eabi/lib/thumb/v7e-m+fp/hard\libc_nano.a(lib_a-exit.o)
 .data          0x0000000000000000        0x0 c:/st/stm32cubeide_1.9.0/stm32cubeide/plugins/com.st.stm32cube.ide.mcu.externaltools.gnu-tools-for-stm32.10.3-2021.10.win32_1.0.0.202111181127/tools/bin/../lib/gcc/arm-none-eabi/10.3.1/../../../../arm-none-eabi/lib/thumb/v7e-m+fp/hard\libc_nano.a(lib_a-exit.o)
 .bss           0x0000000000000000        0x0 c:/st/stm32cubeide_1.9.0/stm32cubeide/plugins/com.st.stm32cube.ide.mcu.externaltools.gnu-tools-for-stm32.10.3-2021.10.win32_1.0.0.202111181127/tools/bin/../lib/gcc/arm-none-eabi/10.3.1/../../../../arm-none-eabi/lib/thumb/v7e-m+fp/hard\libc_nano.a(lib_a-exit.o)
 .text.exit     0x0000000000000000       0x28 c:/st/stm32cubeide_1.9.0/stm32cubeide/plugins/com.st.stm32cube.ide.mcu.externaltools.gnu-tools-for-stm32.10.3-2021.10.win32_1.0.0.202111181127/tools/bin/../lib/gcc/arm-none-eabi/10.3.1/../../../../arm-none-eabi/lib/thumb/v7e-m+fp/hard\libc_nano.a(lib_a-exit.o)
 .debug_frame   0x0000000000000000       0x28 c:/st/stm32cubeide_1.9.0/stm32cubeide/plugins/com.st.stm32cube.ide.mcu.externaltools.gnu-tools-for-stm32.10.3-2021.10.win32_1.0.0.202111181127/tools/bin/../lib/gcc/arm-none-eabi/10.3.1/../../../../arm-none-eabi/lib/thumb/v7e-m+fp/hard\libc_nano.a(lib_a-exit.o)
 .ARM.attributes
                0x0000000000000000       0x34 c:/st/stm32cubeide_1.9.0/stm32cubeide/plugins/com.st.stm32cube.ide.mcu.externaltools.gnu-tools-for-stm32.10.3-2021.10.win32_1.0.0.202111181127/tools/bin/../lib/gcc/arm-none-eabi/10.3.1/../../../../arm-none-eabi/lib/thumb/v7e-m+fp/hard\libc_nano.a(lib_a-exit.o)
 .text          0x0000000000000000        0x0 c:/st/stm32cubeide_1.9.0/stm32cubeide/plugins/com.st.stm32cube.ide.mcu.externaltools.gnu-tools-for-stm32.10.3-2021.10.win32_1.0.0.202111181127/tools/bin/../lib/gcc/arm-none-eabi/10.3.1/../../../../arm-none-eabi/lib/thumb/v7e-m+fp/hard\libc_nano.a(lib_a-impure.o)
 .data          0x0000000000000000        0x0 c:/st/stm32cubeide_1.9.0/stm32cubeide/plugins/com.st.stm32cube.ide.mcu.externaltools.gnu-tools-for-stm32.10.3-2021.10.win32_1.0.0.202111181127/tools/bin/../lib/gcc/arm-none-eabi/10.3.1/../../../../arm-none-eabi/lib/thumb/v7e-m+fp/hard\libc_nano.a(lib_a-impure.o)
 .bss           0x0000000000000000        0x0 c:/st/stm32cubeide_1.9.0/stm32cubeide/plugins/com.st.stm32cube.ide.mcu.externaltools.gnu-tools-for-stm32.10.3-2021.10.win32_1.0.0.202111181127/tools/bin/../lib/gcc/arm-none-eabi/10.3.1/../../../../arm-none-eabi/lib/thumb/v7e-m+fp/hard\libc_nano.a(lib_a-impure.o)
 .data._impure_ptr
                0x0000000000000000        0x4 c:/st/stm32cubeide_1.9.0/stm32cubeide/plugins/com.st.stm32cube.ide.mcu.externaltools.gnu-tools-for-stm32.10.3-2021.10.win32_1.0.0.202111181127/tools/bin/../lib/gcc/arm-none-eabi/10.3.1/../../../../arm-none-eabi/lib/thumb/v7e-m+fp/hard\libc_nano.a(lib_a-impure.o)
 .data.impure_data
                0x0000000000000000       0x60 c:/st/stm32cubeide_1.9.0/stm32cubeide/plugins/com.st.stm32cube.ide.mcu.externaltools.gnu-tools-for-stm32.10.3-2021.10.win32_1.0.0.202111181127/tools/bin/../lib/gcc/arm-none-eabi/10.3.1/../../../../arm-none-eabi/lib/thumb/v7e-m+fp/hard\libc_nano.a(lib_a-impure.o)
 .rodata._global_impure_ptr
                0x0000000000000000        0x4 c:/st/stm32cubeide_1.9.0/stm32cubeide/plugins/com.st.stm32cube.ide.mcu.externaltools.gnu-tools-for-stm32.10.3-2021.10.win32_1.0.0.202111181127/tools/bin/../lib/gcc/arm-none-eabi/10.3.1/../../../../arm-none-eabi/lib/thumb/v7e-m+fp/hard\libc_nano.a(lib_a-impure.o)
 .ARM.attributes
                0x0000000000000000       0x34 c:/st/stm32cubeide_1.9.0/stm32cubeide/plugins/com.st.stm32cube.ide.mcu.externaltools.gnu-tools-for-stm32.10.3-2021.10.win32_1.0.0.202111181127/tools/bin/../lib/gcc/arm-none-eabi/10.3.1/../../../../arm-none-eabi/lib/thumb/v7e-m+fp/hard\libc_nano.a(lib_a-impure.o)
 .text          0x0000000000000000        0x0 c:/st/stm32cubeide_1.9.0/stm32cubeide/plugins/com.st.stm32cube.ide.mcu.externaltools.gnu-tools-for-stm32.10.3-2021.10.win32_1.0.0.202111181127/tools/bin/../lib/gcc/arm-none-eabi/10.3.1/../../../../arm-none-eabi/lib/thumb/v7e-m+fp/hard\libc_nano.a(lib_a-init.o)
 .data          0x0000000000000000        0x0 c:/st/stm32cubeide_1.9.0/stm32cubeide/plugins/com.st.stm32cube.ide.mcu.externaltools.gnu-tools-for-stm32.10.3-2021.10.win32_1.0.0.202111181127/tools/bin/../lib/gcc/arm-none-eabi/10.3.1/../../../../arm-none-eabi/lib/thumb/v7e-m+fp/hard\libc_nano.a(lib_a-init.o)
 .bss           0x0000000000000000        0x0 c:/st/stm32cubeide_1.9.0/stm32cubeide/plugins/com.st.stm32cube.ide.mcu.externaltools.gnu-tools-for-stm32.10.3-2021.10.win32_1.0.0.202111181127/tools/bin/../lib/gcc/arm-none-eabi/10.3.1/../../../../arm-none-eabi/lib/thumb/v7e-m+fp/hard\libc_nano.a(lib_a-init.o)
 .text          0x0000000000000000        0x0 c:/st/stm32cubeide_1.9.0/stm32cubeide/plugins/com.st.stm32cube.ide.mcu.externaltools.gnu-tools-for-stm32.10.3-2021.10.win32_1.0.0.202111181127/tools/bin/../lib/gcc/arm-none-eabi/10.3.1/../../../../arm-none-eabi/lib/thumb/v7e-m+fp/hard\libc_nano.a(lib_a-memset.o)
 .data          0x0000000000000000        0x0 c:/st/stm32cubeide_1.9.0/stm32cubeide/plugins/com.st.stm32cube.ide.mcu.externaltools.gnu-tools-for-stm32.10.3-2021.10.win32_1.0.0.202111181127/tools/bin/../lib/gcc/arm-none-eabi/10.3.1/../../../../arm-none-eabi/lib/thumb/v7e-m+fp/hard\libc_nano.a(lib_a-memset.o)
 .bss           0x0000000000000000        0x0 c:/st/stm32cubeide_1.9.0/stm32cubeide/plugins/com.st.stm32cube.ide.mcu.externaltools.gnu-tools-for-stm32.10.3-2021.10.win32_1.0.0.202111181127/tools/bin/../lib/gcc/arm-none-eabi/10.3.1/../../../../arm-none-eabi/lib/thumb/v7e-m+fp/hard\libc_nano.a(lib_a-memset.o)
 .text.memset   0x0000000000000000       0x10 c:/st/stm32cubeide_1.9.0/stm32cubeide/plugins/com.st.stm32cube.ide.mcu.externaltools.gnu-tools-for-stm32.10.3-2021.10.win32_1.0.0.202111181127/tools/bin/../lib/gcc/arm-none-eabi/10.3.1/../../../../arm-none-eabi/lib/thumb/v7e-m+fp/hard\libc_nano.a(lib_a-memset.o)
 .debug_frame   0x0000000000000000       0x20 c:/st/stm32cubeide_1.9.0/stm32cubeide/plugins/com.st.stm32cube.ide.mcu.externaltools.gnu-tools-for-stm32.10.3-2021.10.win32_1.0.0.202111181127/tools/bin/../lib/gcc/arm-none-eabi/10.3.1/../../../../arm-none-eabi/lib/thumb/v7e-m+fp/hard\libc_nano.a(lib_a-memset.o)
 .ARM.attributes
                0x0000000000000000       0x34 c:/st/stm32cubeide_1.9.0/stm32cubeide/plugins/com.st.stm32cube.ide.mcu.externaltools.gnu-tools-for-stm32.10.3-2021.10.win32_1.0.0.202111181127/tools/bin/../lib/gcc/arm-none-eabi/10.3.1/../../../../arm-none-eabi/lib/thumb/v7e-m+fp/hard\libc_nano.a(lib_a-memset.o)
 .text          0x0000000000000000        0x0 c:/st/stm32cubeide_1.9.0/stm32cubeide/plugins/com.st.stm32cube.ide.mcu.externaltools.gnu-tools-for-stm32.10.3-2021.10.win32_1.0.0.202111181127/tools/bin/../lib/gcc/arm-none-eabi/10.3.1/thumb/v7e-m+fp/hard/crtend.o
 .data          0x0000000000000000        0x0 c:/st/stm32cubeide_1.9.0/stm32cubeide/plugins/com.st.stm32cube.ide.mcu.externaltools.gnu-tools-for-stm32.10.3-2021.10.win32_1.0.0.202111181127/tools/bin/../lib/gcc/arm-none-eabi/10.3.1/thumb/v7e-m+fp/hard/crtend.o
 .bss           0x0000000000000000        0x0 c:/st/stm32cubeide_1.9.0/stm32cubeide/plugins/com.st.stm32cube.ide.mcu.externaltools.gnu-tools-for-stm32.10.3-2021.10.win32_1.0.0.202111181127/tools/bin/../lib/gcc/arm-none-eabi/10.3.1/thumb/v7e-m+fp/hard/crtend.o
 .rodata        0x0000000000000000       0x24 c:/st/stm32cubeide_1.9.0/stm32cubeide/plugins/com.st.stm32cube.ide.mcu.externaltools.gnu-tools-for-stm32.10.3-2021.10.win32_1.0.0.202111181127/tools/bin/../lib/gcc/arm-none-eabi/10.3.1/thumb/v7e-m+fp/hard/crtend.o
 .eh_frame      0x0000000000000000        0x4 c:/st/stm32cubeide_1.9.0/stm32cubeide/plugins/com.st.stm32cube.ide.mcu.externaltools.gnu-tools-for-stm32.10.3-2021.10.win32_1.0.0.202111181127/tools/bin/../lib/gcc/arm-none-eabi/10.3.1/thumb/v7e-m+fp/hard/crtend.o
 .ARM.attributes
                0x0000000000000000       0x34 c:/st/stm32cubeide_1.9.0/stm32cubeide/plugins/com.st.stm32cube.ide.mcu.externaltools.gnu-tools-for-stm32.10.3-2021.10.win32_1.0.0.202111181127/tools/bin/../lib/gcc/arm-none-eabi/10.3.1/thumb/v7e-m+fp/hard/crtend.o
 .text          0x0000000000000000        0x0 c:/st/stm32cubeide_1.9.0/stm32cubeide/plugins/com.st.stm32cube.ide.mcu.externaltools.gnu-tools-for-stm32.10.3-2021.10.win32_1.0.0.202111181127/tools/bin/../lib/gcc/arm-none-eabi/10.3.1/thumb/v7e-m+fp/hard/crtn.o
 .data          0x0000000000000000        0x0 c:/st/stm32cubeide_1.9.0/stm32cubeide/plugins/com.st.stm32cube.ide.mcu.externaltools.gnu-tools-for-stm32.10.3-2021.10.win32_1.0.0.202111181127/tools/bin/../lib/gcc/arm-none-eabi/10.3.1/thumb/v7e-m+fp/hard/crtn.o
 .bss           0x0000000000000000        0x0 c:/st/stm32cubeide_1.9.0/stm32cubeide/plugins/com.st.stm32cube.ide.mcu.externaltools.gnu-tools-for-stm32.10.3-2021.10.win32_1.0.0.202111181127/tools/bin/../lib/gcc/arm-none-eabi/10.3.1/thumb/v7e-m+fp/hard/crtn.o

Memory Configuration

Name             Origin             Length             Attributes
RAM              0x0000000020000000 0x0000000000018000 xrw
FLASH            0x0000000008000000 0x0000000000080000 xr
*default*        0x0000000000000000 0xffffffffffffffff

Linker script and memory map

LOAD c:/st/stm32cubeide_1.9.0/stm32cubeide/plugins/com.st.stm32cube.ide.mcu.externaltools.gnu-tools-for-stm32.10.3-2021.10.win32_1.0.0.202111181127/tools/bin/../lib/gcc/arm-none-eabi/10.3.1/thumb/v7e-m+fp/hard/crti.o
LOAD c:/st/stm32cubeide_1.9.0/stm32cubeide/plugins/com.st.stm32cube.ide.mcu.externaltools.gnu-tools-for-stm32.10.3-2021.10.win32_1.0.0.202111181127/tools/bin/../lib/gcc/arm-none-eabi/10.3.1/thumb/v7e-m+fp/hard/crtbegin.o
LOAD c:/st/stm32cubeide_1.9.0/stm32cubeide/plugins/com.st.stm32cube.ide.mcu.externaltools.gnu-tools-for-stm32.10.3-2021.10.win32_1.0.0.202111181127/tools/bin/../lib/gcc/arm-none-eabi/10.3.1/../../../../arm-none-eabi/lib/thumb/v7e-m+fp/hard/crt0.o
LOAD ./Src/Src_APP/Debug/APP_Debug.o
LOAD ./Src/Src_APP/Utility/Utility_Delay/DELAY_UNIT.o
LOAD ./Src/Src_HAL/Keypad/HAL_Keypad.o
LOAD ./Src/Src_HAL/LCD/HAL_LCD.o
LOAD ./Src/Src_HAL/LCD_AM/LCD_prog.o
LOAD ./Src/Src_HAL/LED/HAL_LED.o
LOAD ./Src/Src_MCAL/EXTI_AM/EXTI_prog.o
LOAD ./Src/Src_MCAL/EXTIx/MCAL_EXTI.o
LOAD ./Src/Src_MCAL/GPIO/MCAL_GPIO.o
LOAD ./Src/Src_MCAL/NVIC/MCAL_NVIC.o
LOAD ./Src/Src_MCAL/RCC/MCAL_RCC.o
LOAD ./Src/Src_MCAL/SYSTIK/MCAL_SYSTIK.o
LOAD ./Src/main.o
LOAD ./Src/syscalls.o
LOAD ./Src/sysmem.o
LOAD ./Startup/startup_stm32f401vetx.o
START GROUP
LOAD c:/st/stm32cubeide_1.9.0/stm32cubeide/plugins/com.st.stm32cube.ide.mcu.externaltools.gnu-tools-for-stm32.10.3-2021.10.win32_1.0.0.202111181127/tools/bin/../lib/gcc/arm-none-eabi/10.3.1/../../../../arm-none-eabi/lib/thumb/v7e-m+fp/hard\libc_nano.a
LOAD c:/st/stm32cubeide_1.9.0/stm32cubeide/plugins/com.st.stm32cube.ide.mcu.externaltools.gnu-tools-for-stm32.10.3-2021.10.win32_1.0.0.202111181127/tools/bin/../lib/gcc/arm-none-eabi/10.3.1/../../../../arm-none-eabi/lib/thumb/v7e-m+fp/hard\libm.a
END GROUP
START GROUP
LOAD c:/st/stm32cubeide_1.9.0/stm32cubeide/plugins/com.st.stm32cube.ide.mcu.externaltools.gnu-tools-for-stm32.10.3-2021.10.win32_1.0.0.202111181127/tools/bin/../lib/gcc/arm-none-eabi/10.3.1/thumb/v7e-m+fp/hard\libgcc.a
LOAD c:/st/stm32cubeide_1.9.0/stm32cubeide/plugins/com.st.stm32cube.ide.mcu.externaltools.gnu-tools-for-stm32.10.3-2021.10.win32_1.0.0.202111181127/tools/bin/../lib/gcc/arm-none-eabi/10.3.1/../../../../arm-none-eabi/lib/thumb/v7e-m+fp/hard\libc_nano.a
END GROUP
START GROUP
LOAD c:/st/stm32cubeide_1.9.0/stm32cubeide/plugins/com.st.stm32cube.ide.mcu.externaltools.gnu-tools-for-stm32.10.3-2021.10.win32_1.0.0.202111181127/tools/bin/../lib/gcc/arm-none-eabi/10.3.1/thumb/v7e-m+fp/hard\libgcc.a
LOAD c:/st/stm32cubeide_1.9.0/stm32cubeide/plugins/com.st.stm32cube.ide.mcu.externaltools.gnu-tools-for-stm32.10.3-2021.10.win32_1.0.0.202111181127/tools/bin/../lib/gcc/arm-none-eabi/10.3.1/../../../../arm-none-eabi/lib/thumb/v7e-m+fp/hard\libc_nano.a
LOAD c:/st/stm32cubeide_1.9.0/stm32cubeide/plugins/com.st.stm32cube.ide.mcu.externaltools.gnu-tools-for-stm32.10.3-2021.10.win32_1.0.0.202111181127/tools/bin/../lib/gcc/arm-none-eabi/10.3.1/../../../../arm-none-eabi/lib/thumb/v7e-m+fp/hard\libnosys.a
END GROUP
START GROUP
LOAD c:/st/stm32cubeide_1.9.0/stm32cubeide/plugins/com.st.stm32cube.ide.mcu.externaltools.gnu-tools-for-stm32.10.3-2021.10.win32_1.0.0.202111181127/tools/bin/../lib/gcc/arm-none-eabi/10.3.1/thumb/v7e-m+fp/hard\libgcc.a
LOAD c:/st/stm32cubeide_1.9.0/stm32cubeide/plugins/com.st.stm32cube.ide.mcu.externaltools.gnu-tools-for-stm32.10.3-2021.10.win32_1.0.0.202111181127/tools/bin/../lib/gcc/arm-none-eabi/10.3.1/../../../../arm-none-eabi/lib/thumb/v7e-m+fp/hard\libc_nano.a
LOAD c:/st/stm32cubeide_1.9.0/stm32cubeide/plugins/com.st.stm32cube.ide.mcu.externaltools.gnu-tools-for-stm32.10.3-2021.10.win32_1.0.0.202111181127/tools/bin/../lib/gcc/arm-none-eabi/10.3.1/../../../../arm-none-eabi/lib/thumb/v7e-m+fp/hard\libnosys.a
END GROUP
LOAD c:/st/stm32cubeide_1.9.0/stm32cubeide/plugins/com.st.stm32cube.ide.mcu.externaltools.gnu-tools-for-stm32.10.3-2021.10.win32_1.0.0.202111181127/tools/bin/../lib/gcc/arm-none-eabi/10.3.1/thumb/v7e-m+fp/hard/crtend.o
LOAD c:/st/stm32cubeide_1.9.0/stm32cubeide/plugins/com.st.stm32cube.ide.mcu.externaltools.gnu-tools-for-stm32.10.3-2021.10.win32_1.0.0.202111181127/tools/bin/../lib/gcc/arm-none-eabi/10.3.1/thumb/v7e-m+fp/hard/crtn.o
                0x0000000020018000                _estack = (ORIGIN (RAM) + LENGTH (RAM))
                0x0000000000000200                _Min_Heap_Size = 0x200
                0x0000000000000400                _Min_Stack_Size = 0x400

.isr_vector     0x0000000008000000      0x194
                0x0000000008000000                . = ALIGN (0x4)
 *(.isr_vector)
 .isr_vector    0x0000000008000000      0x194 ./Startup/startup_stm32f401vetx.o
                0x0000000008000000                g_pfnVectors
                0x0000000008000194                . = ALIGN (0x4)

.text           0x0000000008000194      0xab4
                0x0000000008000194                . = ALIGN (0x4)
 *(.text)
 .text          0x0000000008000194       0x40 c:/st/stm32cubeide_1.9.0/stm32cubeide/plugins/com.st.stm32cube.ide.mcu.externaltools.gnu-tools-for-stm32.10.3-2021.10.win32_1.0.0.202111181127/tools/bin/../lib/gcc/arm-none-eabi/10.3.1/thumb/v7e-m+fp/hard/crtbegin.o
 *(.text*)
 .text.Delay_vMilliSecond16MHzoscillator
                0x00000000080001d4       0x56 ./Src/Src_APP/Utility/Utility_Delay/DELAY_UNIT.o
                0x00000000080001d4                Delay_vMilliSecond16MHzoscillator
 .text.LCD_vInitPinMode
                0x000000000800022a       0x46 ./Src/Src_HAL/LCD_AM/LCD_prog.o
                0x000000000800022a                LCD_vInitPinMode
 .text.LCD_WriteCommand
                0x0000000008000270      0x102 ./Src/Src_HAL/LCD_AM/LCD_prog.o
                0x0000000008000270                LCD_WriteCommand
 .text.LCD_WriteData
                0x0000000008000372      0x102 ./Src/Src_HAL/LCD_AM/LCD_prog.o
                0x0000000008000372                LCD_WriteData
 .text.LCD_Init
                0x0000000008000474       0x4a ./Src/Src_HAL/LCD_AM/LCD_prog.o
                0x0000000008000474                LCD_Init
 *fill*         0x00000000080004be        0x2 
 .text.EXTI0_IRQHandler
                0x00000000080004c0       0x24 ./Src/Src_MCAL/EXTI_AM/EXTI_prog.o
                0x00000000080004c0                EXTI0_IRQHandler
 .text.EXTI1_IRQHandler
                0x00000000080004e4       0x24 ./Src/Src_MCAL/EXTI_AM/EXTI_prog.o
                0x00000000080004e4                EXTI1_IRQHandler
 .text.MGPIO_vSetPinMode
                0x0000000008000508       0xf0 ./Src/Src_MCAL/GPIO/MCAL_GPIO.o
                0x0000000008000508                MGPIO_vSetPinMode
 .text.MGPIO_vSetPinOutputType
                0x00000000080005f8       0xe4 ./Src/Src_MCAL/GPIO/MCAL_GPIO.o
                0x00000000080005f8                MGPIO_vSetPinOutputType
 .text.MGPIO_vSetPinOutputSpeed
                0x00000000080006dc       0xf0 ./Src/Src_MCAL/GPIO/MCAL_GPIO.o
                0x00000000080006dc                MGPIO_vSetPinOutputSpeed
 .text.MGPIO_vWritePinData
                0x00000000080007cc      0x1a8 ./Src/Src_MCAL/GPIO/MCAL_GPIO.o
                0x00000000080007cc                MGPIO_vWritePinData
 .text.MRCC_vInitSystemClock
                0x0000000008000974       0x5c ./Src/Src_MCAL/RCC/MCAL_RCC.o
                0x0000000008000974                MRCC_vInitSystemClock
 .text.MRCC_vEnableBusClock
                0x00000000080009d0       0x98 ./Src/Src_MCAL/RCC/MCAL_RCC.o
                0x00000000080009d0                MRCC_vEnableBusClock
 .text.STK_Init
                0x0000000008000a68       0x50 ./Src/Src_MCAL/SYSTIK/MCAL_SYSTIK.o
                0x0000000008000a68                STK_Init
 .text.SysTick_Handler
                0x0000000008000ab8       0xb4 ./Src/Src_MCAL/SYSTIK/MCAL_SYSTIK.o
                0x0000000008000ab8                SysTick_Handler
 .text.main     0x0000000008000b6c       0x26 ./Src/main.o
                0x0000000008000b6c                main
 *fill*         0x0000000008000b92        0x2 
 .text.Reset_Handler
                0x0000000008000b94       0x50 ./Startup/startup_stm32f401vetx.o
                0x0000000008000b94                Reset_Handler
 .text.Default_Handler
                0x0000000008000be4        0x2 ./Startup/startup_stm32f401vetx.o
                0x0000000008000be4                EXTI2_IRQHandler
                0x0000000008000be4                DebugMon_Handler
                0x0000000008000be4                SPI4_IRQHandler
                0x0000000008000be4                TIM1_CC_IRQHandler
                0x0000000008000be4                HardFault_Handler
                0x0000000008000be4                SDIO_IRQHandler
                0x0000000008000be4                TAMP_STAMP_IRQHandler
                0x0000000008000be4                PendSV_Handler
                0x0000000008000be4                NMI_Handler
                0x0000000008000be4                EXTI3_IRQHandler
                0x0000000008000be4                TIM1_UP_TIM10_IRQHandler
                0x0000000008000be4                I2C3_ER_IRQHandler
                0x0000000008000be4                EXTI18_OTG_FS_WKUP_IRQHandler
                0x0000000008000be4                I2C2_EV_IRQHandler
                0x0000000008000be4                FPU_IRQHandler
                0x0000000008000be4                UsageFault_Handler
                0x0000000008000be4                SPI1_IRQHandler
                0x0000000008000be4                TIM1_BRK_TIM9_IRQHandler
                0x0000000008000be4                USART6_IRQHandler
                0x0000000008000be4                TIM4_IRQHandler
                0x0000000008000be4                I2C1_EV_IRQHandler
                0x0000000008000be4                TIM3_IRQHandler
                0x0000000008000be4                RCC_IRQHandler
                0x0000000008000be4                Default_Handler
                0x0000000008000be4                EXTI15_10_IRQHandler
                0x0000000008000be4                ADC_IRQHandler
                0x0000000008000be4                TIM5_IRQHandler
                0x0000000008000be4                I2C3_EV_IRQHandler
                0x0000000008000be4                EXTI9_5_IRQHandler
                0x0000000008000be4                SPI2_IRQHandler
                0x0000000008000be4                MemManage_Handler
                0x0000000008000be4                SVC_Handler
                0x0000000008000be4                EXTI4_IRQHandler
                0x0000000008000be4                EXTI22_RTC_WKUP_IRQHandler
                0x0000000008000be4                TIM2_IRQHandler
                0x0000000008000be4                EXTI16_PVD_IRQHandler
                0x0000000008000be4                TIM1_TRG_COM_TIM11_IRQHandler
                0x0000000008000be4                EXTI17_RTC_Alarm_IRQHandler
                0x0000000008000be4                USART2_IRQHandler
                0x0000000008000be4                I2C2_ER_IRQHandler
                0x0000000008000be4                FLASH_IRQHandler
                0x0000000008000be4                BusFault_Handler
                0x0000000008000be4                USART1_IRQHandler
                0x0000000008000be4                OTG_FS_IRQHandler
                0x0000000008000be4                SPI3_IRQHandler
                0x0000000008000be4                I2C1_ER_IRQHandler
 *fill*         0x0000000008000be6        0x2 
 .text.__libc_init_array
                0x0000000008000be8       0x48 c:/st/stm32cubeide_1.9.0/stm32cubeide/plugins/com.st.stm32cube.ide.mcu.externaltools.gnu-tools-for-stm32.10.3-2021.10.win32_1.0.0.202111181127/tools/bin/../lib/gcc/arm-none-eabi/10.3.1/../../../../arm-none-eabi/lib/thumb/v7e-m+fp/hard\libc_nano.a(lib_a-init.o)
                0x0000000008000be8                __libc_init_array
 *(.glue_7)
 .glue_7        0x0000000008000c30        0x0 linker stubs
 *(.glue_7t)
 .glue_7t       0x0000000008000c30        0x0 linker stubs
 *(.eh_frame)
 .eh_frame      0x0000000008000c30        0x0 c:/st/stm32cubeide_1.9.0/stm32cubeide/plugins/com.st.stm32cube.ide.mcu.externaltools.gnu-tools-for-stm32.10.3-2021.10.win32_1.0.0.202111181127/tools/bin/../lib/gcc/arm-none-eabi/10.3.1/thumb/v7e-m+fp/hard/crtbegin.o
 *(.init)
 .init          0x0000000008000c30        0x4 c:/st/stm32cubeide_1.9.0/stm32cubeide/plugins/com.st.stm32cube.ide.mcu.externaltools.gnu-tools-for-stm32.10.3-2021.10.win32_1.0.0.202111181127/tools/bin/../lib/gcc/arm-none-eabi/10.3.1/thumb/v7e-m+fp/hard/crti.o
                0x0000000008000c30                _init
 .init          0x0000000008000c34        0x8 c:/st/stm32cubeide_1.9.0/stm32cubeide/plugins/com.st.stm32cube.ide.mcu.externaltools.gnu-tools-for-stm32.10.3-2021.10.win32_1.0.0.202111181127/tools/bin/../lib/gcc/arm-none-eabi/10.3.1/thumb/v7e-m+fp/hard/crtn.o
 *(.fini)
 .fini          0x0000000008000c3c        0x4 c:/st/stm32cubeide_1.9.0/stm32cubeide/plugins/com.st.stm32cube.ide.mcu.externaltools.gnu-tools-for-stm32.10.3-2021.10.win32_1.0.0.202111181127/tools/bin/../lib/gcc/arm-none-eabi/10.3.1/thumb/v7e-m+fp/hard/crti.o
                0x0000000008000c3c                _fini
 .fini          0x0000000008000c40        0x8 c:/st/stm32cubeide_1.9.0/stm32cubeide/plugins/com.st.stm32cube.ide.mcu.externaltools.gnu-tools-for-stm32.10.3-2021.10.win32_1.0.0.202111181127/tools/bin/../lib/gcc/arm-none-eabi/10.3.1/thumb/v7e-m+fp/hard/crtn.o
                0x0000000008000c48                . = ALIGN (0x4)
                0x0000000008000c48                _etext = .

.vfp11_veneer   0x0000000008000c48        0x0
 .vfp11_veneer  0x0000000008000c48        0x0 linker stubs

.v4_bx          0x0000000008000c48        0x0
 .v4_bx         0x0000000008000c48        0x0 linker stubs

.iplt           0x0000000008000c48        0x0
 .iplt          0x0000000008000c48        0x0 c:/st/stm32cubeide_1.9.0/stm32cubeide/plugins/com.st.stm32cube.ide.mcu.externaltools.gnu-tools-for-stm32.10.3-2021.10.win32_1.0.0.202111181127/tools/bin/../lib/gcc/arm-none-eabi/10.3.1/thumb/v7e-m+fp/hard/crtbegin.o

.rel.dyn        0x0000000008000c48        0x0
 .rel.iplt      0x0000000008000c48        0x0 c:/st/stm32cubeide_1.9.0/stm32cubeide/plugins/com.st.stm32cube.ide.mcu.externaltools.gnu-tools-for-stm32.10.3-2021.10.win32_1.0.0.202111181127/tools/bin/../lib/gcc/arm-none-eabi/10.3.1/thumb/v7e-m+fp/hard/crtbegin.o

.rodata         0x0000000008000c48        0x0
                0x0000000008000c48                . = ALIGN (0x4)
 *(.rodata)
 *(.rodata*)
                0x0000000008000c48                . = ALIGN (0x4)

.ARM.extab      0x0000000008000c48        0x0
                0x0000000008000c48                . = ALIGN (0x4)
 *(.ARM.extab* .gnu.linkonce.armextab.*)
                0x0000000008000c48                . = ALIGN (0x4)

.ARM            0x0000000008000c48        0x0
                0x0000000008000c48                . = ALIGN (0x4)
                0x0000000008000c48                __exidx_start = .
 *(.ARM.exidx*)
                0x0000000008000c48                __exidx_end = .
                0x0000000008000c48                . = ALIGN (0x4)

.preinit_array  0x0000000008000c48        0x0
                0x0000000008000c48                . = ALIGN (0x4)
                0x0000000008000c48                PROVIDE (__preinit_array_start = .)
 *(.preinit_array*)
                0x0000000008000c48                PROVIDE (__preinit_array_end = .)
                0x0000000008000c48                . = ALIGN (0x4)

.init_array     0x0000000008000c48        0x4
                0x0000000008000c48                . = ALIGN (0x4)
                0x0000000008000c48                PROVIDE (__init_array_start = .)
 *(SORT_BY_NAME(.init_array.*))
 *(.init_array*)
 .init_array    0x0000000008000c48        0x4 c:/st/stm32cubeide_1.9.0/stm32cubeide/plugins/com.st.stm32cube.ide.mcu.externaltools.gnu-tools-for-stm32.10.3-2021.10.win32_1.0.0.202111181127/tools/bin/../lib/gcc/arm-none-eabi/10.3.1/thumb/v7e-m+fp/hard/crtbegin.o
                0x0000000008000c4c                PROVIDE (__init_array_end = .)
                0x0000000008000c4c                . = ALIGN (0x4)

.fini_array     0x0000000008000c4c        0x4
                0x0000000008000c4c                . = ALIGN (0x4)
                [!provide]                        PROVIDE (__fini_array_start = .)
 *(SORT_BY_NAME(.fini_array.*))
 *(.fini_array*)
 .fini_array    0x0000000008000c4c        0x4 c:/st/stm32cubeide_1.9.0/stm32cubeide/plugins/com.st.stm32cube.ide.mcu.externaltools.gnu-tools-for-stm32.10.3-2021.10.win32_1.0.0.202111181127/tools/bin/../lib/gcc/arm-none-eabi/10.3.1/thumb/v7e-m+fp/hard/crtbegin.o
                [!provide]                        PROVIDE (__fini_array_end = .)
                0x0000000008000c50                . = ALIGN (0x4)
                0x0000000008000c50                _sidata = LOADADDR (.data)

.data           0x0000000020000000        0x0 load address 0x0000000008000c50
                0x0000000020000000                . = ALIGN (0x4)
                0x0000000020000000                _sdata = .
 *(.data)
 *(.data*)
 *(.RamFunc)
 *(.RamFunc*)
                0x0000000020000000                . = ALIGN (0x4)
                0x0000000020000000                _edata = .

.igot.plt       0x0000000020000000        0x0 load address 0x0000000008000c50
 .igot.plt      0x0000000020000000        0x0 c:/st/stm32cubeide_1.9.0/stm32cubeide/plugins/com.st.stm32cube.ide.mcu.externaltools.gnu-tools-for-stm32.10.3-2021.10.win32_1.0.0.202111181127/tools/bin/../lib/gcc/arm-none-eabi/10.3.1/thumb/v7e-m+fp/hard/crtbegin.o
                0x0000000020000000                . = ALIGN (0x4)

.bss            0x0000000020000000       0x3c load address 0x0000000008000c50
                0x0000000020000000                _sbss = .
                0x0000000020000000                __bss_start__ = _sbss
 *(.bss)
 .bss           0x0000000020000000       0x1c c:/st/stm32cubeide_1.9.0/stm32cubeide/plugins/com.st.stm32cube.ide.mcu.externaltools.gnu-tools-for-stm32.10.3-2021.10.win32_1.0.0.202111181127/tools/bin/../lib/gcc/arm-none-eabi/10.3.1/thumb/v7e-m+fp/hard/crtbegin.o
 *(.bss*)
 .bss.EXTI0_CallBack
                0x000000002000001c        0x4 ./Src/Src_MCAL/EXTI_AM/EXTI_prog.o
                0x000000002000001c                EXTI0_CallBack
 .bss.EXTI1_CallBack
                0x0000000020000020        0x4 ./Src/Src_MCAL/EXTI_AM/EXTI_prog.o
                0x0000000020000020                EXTI1_CallBack
 .bss.STK_CLK_Ms_Ticks
                0x0000000020000024        0x4 ./Src/Src_MCAL/SYSTIK/MCAL_SYSTIK.o
 .bss.STK_RequiredOnTime
                0x0000000020000028        0x4 ./Src/Src_MCAL/SYSTIK/MCAL_SYSTIK.o
 .bss.STK_RequiredOffTime
                0x000000002000002c        0x4 ./Src/Src_MCAL/SYSTIK/MCAL_SYSTIK.o
 .bss.STK_pAppFun
                0x0000000020000030        0x4 ./Src/Src_MCAL/SYSTIK/MCAL_SYSTIK.o
 .bss.STK_CallBackMode
                0x0000000020000034        0x1 ./Src/Src_MCAL/SYSTIK/MCAL_SYSTIK.o
 .bss.G_u8ReadFlag
                0x0000000020000035        0x1 ./Src/Src_MCAL/SYSTIK/MCAL_SYSTIK.o
 *fill*         0x0000000020000036        0x2 
 .bss.counter   0x0000000020000038        0x4 ./Src/Src_MCAL/SYSTIK/MCAL_SYSTIK.o
 *(COMMON)
                0x000000002000003c                . = ALIGN (0x4)
                0x000000002000003c                _ebss = .
                0x000000002000003c                __bss_end__ = _ebss

._user_heap_stack
                0x000000002000003c      0x604 load address 0x0000000008000c50
                0x0000000020000040                . = ALIGN (0x8)
 *fill*         0x000000002000003c        0x4 
                [!provide]                        PROVIDE (end = .)
                0x0000000020000040                PROVIDE (_end = .)
                0x0000000020000240                . = (. + _Min_Heap_Size)
 *fill*         0x0000000020000040      0x200 
                0x0000000020000640                . = (. + _Min_Stack_Size)
 *fill*         0x0000000020000240      0x400 
                0x0000000020000640                . = ALIGN (0x8)

/DISCARD/
 libc.a(*)
 libm.a(*)
 libgcc.a(*)

.ARM.attributes
                0x0000000000000000       0x30
 *(.ARM.attributes)
 .ARM.attributes
                0x0000000000000000       0x1e c:/st/stm32cubeide_1.9.0/stm32cubeide/plugins/com.st.stm32cube.ide.mcu.externaltools.gnu-tools-for-stm32.10.3-2021.10.win32_1.0.0.202111181127/tools/bin/../lib/gcc/arm-none-eabi/10.3.1/thumb/v7e-m+fp/hard/crti.o
 .ARM.attributes
                0x000000000000001e       0x34 c:/st/stm32cubeide_1.9.0/stm32cubeide/plugins/com.st.stm32cube.ide.mcu.externaltools.gnu-tools-for-stm32.10.3-2021.10.win32_1.0.0.202111181127/tools/bin/../lib/gcc/arm-none-eabi/10.3.1/thumb/v7e-m+fp/hard/crtbegin.o
 .ARM.attributes
                0x0000000000000052       0x34 ./Src/Src_APP/Utility/Utility_Delay/DELAY_UNIT.o
 .ARM.attributes
                0x0000000000000086       0x34 ./Src/Src_HAL/LCD_AM/LCD_prog.o
 .ARM.attributes
                0x00000000000000ba       0x34 ./Src/Src_MCAL/EXTI_AM/EXTI_prog.o
 .ARM.attributes
                0x00000000000000ee       0x34 ./Src/Src_MCAL/GPIO/MCAL_GPIO.o
 .ARM.attributes
                0x0000000000000122       0x34 ./Src/Src_MCAL/RCC/MCAL_RCC.o
 .ARM.attributes
                0x0000000000000156       0x34 ./Src/Src_MCAL/SYSTIK/MCAL_SYSTIK.o
 .ARM.attributes
                0x000000000000018a       0x34 ./Src/main.o
 .ARM.attributes
                0x00000000000001be       0x21 ./Startup/startup_stm32f401vetx.o
 .ARM.attributes
                0x00000000000001df       0x34 c:/st/stm32cubeide_1.9.0/stm32cubeide/plugins/com.st.stm32cube.ide.mcu.externaltools.gnu-tools-for-stm32.10.3-2021.10.win32_1.0.0.202111181127/tools/bin/../lib/gcc/arm-none-eabi/10.3.1/../../../../arm-none-eabi/lib/thumb/v7e-m+fp/hard\libc_nano.a(lib_a-init.o)
 .ARM.attributes
                0x0000000000000213       0x1e c:/st/stm32cubeide_1.9.0/stm32cubeide/plugins/com.st.stm32cube.ide.mcu.externaltools.gnu-tools-for-stm32.10.3-2021.10.win32_1.0.0.202111181127/tools/bin/../lib/gcc/arm-none-eabi/10.3.1/thumb/v7e-m+fp/hard/crtn.o
OUTPUT(STM32F401VET6.elf elf32-littlearm)
LOAD linker stubs
LOAD c:/st/stm32cubeide_1.9.0/stm32cubeide/plugins/com.st.stm32cube.ide.mcu.externaltools.gnu-tools-for-stm32.10.3-2021.10.win32_1.0.0.202111181127/tools/bin/../lib/gcc/arm-none-eabi/10.3.1/../../../../arm-none-eabi/lib/thumb/v7e-m+fp/hard\libc.a
LOAD c:/st/stm32cubeide_1.9.0/stm32cubeide/plugins/com.st.stm32cube.ide.mcu.externaltools.gnu-tools-for-stm32.10.3-2021.10.win32_1.0.0.202111181127/tools/bin/../lib/gcc/arm-none-eabi/10.3.1/../../../../arm-none-eabi/lib/thumb/v7e-m+fp/hard\libm.a
LOAD c:/st/stm32cubeide_1.9.0/stm32cubeide/plugins/com.st.stm32cube.ide.mcu.externaltools.gnu-tools-for-stm32.10.3-2021.10.win32_1.0.0.202111181127/tools/bin/../lib/gcc/arm-none-eabi/10.3.1/thumb/v7e-m+fp/hard\libgcc.a

.debug_info     0x0000000000000000     0x18a6
 .debug_info    0x0000000000000000      0x10c ./Src/Src_APP/Utility/Utility_Delay/DELAY_UNIT.o
 .debug_info    0x000000000000010c      0x1f6 ./Src/Src_HAL/LCD_AM/LCD_prog.o
 .debug_info    0x0000000000000302      0x3f7 ./Src/Src_MCAL/EXTI_AM/EXTI_prog.o
 .debug_info    0x00000000000006f9      0x73a ./Src/Src_MCAL/GPIO/MCAL_GPIO.o
 .debug_info    0x0000000000000e33      0x5d2 ./Src/Src_MCAL/RCC/MCAL_RCC.o
 .debug_info    0x0000000000001405      0x33d ./Src/Src_MCAL/SYSTIK/MCAL_SYSTIK.o
 .debug_info    0x0000000000001742      0x142 ./Src/main.o
 .debug_info    0x0000000000001884       0x22 ./Startup/startup_stm32f401vetx.o

.debug_abbrev   0x0000000000000000      0x753
 .debug_abbrev  0x0000000000000000       0x90 ./Src/Src_APP/Utility/Utility_Delay/DELAY_UNIT.o
 .debug_abbrev  0x0000000000000090       0xe2 ./Src/Src_HAL/LCD_AM/LCD_prog.o
 .debug_abbrev  0x0000000000000172      0x159 ./Src/Src_MCAL/EXTI_AM/EXTI_prog.o
 .debug_abbrev  0x00000000000002cb      0x13f ./Src/Src_MCAL/GPIO/MCAL_GPIO.o
 .debug_abbrev  0x000000000000040a       0xf5 ./Src/Src_MCAL/RCC/MCAL_RCC.o
 .debug_abbrev  0x00000000000004ff      0x16a ./Src/Src_MCAL/SYSTIK/MCAL_SYSTIK.o
 .debug_abbrev  0x0000000000000669       0xd8 ./Src/main.o
 .debug_abbrev  0x0000000000000741       0x12 ./Startup/startup_stm32f401vetx.o

.debug_aranges  0x0000000000000000      0x260
 .debug_aranges
                0x0000000000000000       0x28 ./Src/Src_APP/Utility/Utility_Delay/DELAY_UNIT.o
 .debug_aranges
                0x0000000000000028       0x48 ./Src/Src_HAL/LCD_AM/LCD_prog.o
 .debug_aranges
                0x0000000000000070       0x68 ./Src/Src_MCAL/EXTI_AM/EXTI_prog.o
 .debug_aranges
                0x00000000000000d8       0x88 ./Src/Src_MCAL/GPIO/MCAL_GPIO.o
 .debug_aranges
                0x0000000000000160       0x50 ./Src/Src_MCAL/RCC/MCAL_RCC.o
 .debug_aranges
                0x00000000000001b0       0x68 ./Src/Src_MCAL/SYSTIK/MCAL_SYSTIK.o
 .debug_aranges
                0x0000000000000218       0x20 ./Src/main.o
 .debug_aranges
                0x0000000000000238       0x28 ./Startup/startup_stm32f401vetx.o

.debug_ranges   0x0000000000000000      0x1e8
 .debug_ranges  0x0000000000000000       0x18 ./Src/Src_APP/Utility/Utility_Delay/DELAY_UNIT.o
 .debug_ranges  0x0000000000000018       0x38 ./Src/Src_HAL/LCD_AM/LCD_prog.o
 .debug_ranges  0x0000000000000050       0x58 ./Src/Src_MCAL/EXTI_AM/EXTI_prog.o
 .debug_ranges  0x00000000000000a8       0x78 ./Src/Src_MCAL/GPIO/MCAL_GPIO.o
 .debug_ranges  0x0000000000000120       0x40 ./Src/Src_MCAL/RCC/MCAL_RCC.o
 .debug_ranges  0x0000000000000160       0x58 ./Src/Src_MCAL/SYSTIK/MCAL_SYSTIK.o
 .debug_ranges  0x00000000000001b8       0x10 ./Src/main.o
 .debug_ranges  0x00000000000001c8       0x20 ./Startup/startup_stm32f401vetx.o

.debug_macro    0x0000000000000000      0x5e5
 .debug_macro   0x0000000000000000       0x45 ./Src/Src_APP/Utility/Utility_Delay/DELAY_UNIT.o
 .debug_macro   0x0000000000000045       0x92 ./Src/Src_HAL/LCD_AM/LCD_prog.o
 .debug_macro   0x00000000000000d7       0xa6 ./Src/Src_HAL/LCD_AM/LCD_prog.o
 .debug_macro   0x000000000000017d       0x4f ./Src/Src_MCAL/EXTI_AM/EXTI_prog.o
 .debug_macro   0x00000000000001cc       0x22 ./Src/Src_MCAL/EXTI_AM/EXTI_prog.o
 .debug_macro   0x00000000000001ee       0x22 ./Src/Src_MCAL/EXTI_AM/EXTI_prog.o
 .debug_macro   0x0000000000000210       0x10 ./Src/Src_MCAL/EXTI_AM/EXTI_prog.o
 .debug_macro   0x0000000000000220       0x10 ./Src/Src_MCAL/EXTI_AM/EXTI_prog.o
 .debug_macro   0x0000000000000230       0x71 ./Src/Src_MCAL/GPIO/MCAL_GPIO.o
 .debug_macro   0x00000000000002a1       0x6f ./Src/Src_MCAL/RCC/MCAL_RCC.o
 .debug_macro   0x0000000000000310       0x6b ./Src/Src_MCAL/SYSTIK/MCAL_SYSTIK.o
 .debug_macro   0x000000000000037b       0x34 ./Src/Src_MCAL/SYSTIK/MCAL_SYSTIK.o
 .debug_macro   0x00000000000003af       0x16 ./Src/Src_MCAL/SYSTIK/MCAL_SYSTIK.o
 .debug_macro   0x00000000000003c5      0x220 ./Src/main.o

.debug_line     0x0000000000000000     0x23c5
 .debug_line    0x0000000000000000      0x1cb ./Src/Src_APP/Utility/Utility_Delay/DELAY_UNIT.o
 .debug_line    0x00000000000001cb      0x3c5 ./Src/Src_HAL/LCD_AM/LCD_prog.o
 .debug_line    0x0000000000000590      0x229 ./Src/Src_MCAL/EXTI_AM/EXTI_prog.o
 .debug_line    0x00000000000007b9      0x8fb ./Src/Src_MCAL/GPIO/MCAL_GPIO.o
 .debug_line    0x00000000000010b4      0x2d4 ./Src/Src_MCAL/RCC/MCAL_RCC.o
 .debug_line    0x0000000000001388      0x415 ./Src/Src_MCAL/SYSTIK/MCAL_SYSTIK.o
 .debug_line    0x000000000000179d      0xba4 ./Src/main.o
 .debug_line    0x0000000000002341       0x84 ./Startup/startup_stm32f401vetx.o

.debug_str      0x0000000000000000     0x5ee7
 .debug_str     0x0000000000000000     0x30dc ./Src/Src_APP/Utility/Utility_Delay/DELAY_UNIT.o
                                       0x315a (size before relaxing)
 .debug_str     0x00000000000030dc      0xb49 ./Src/Src_HAL/LCD_AM/LCD_prog.o
                                       0x3c1e (size before relaxing)
 .debug_str     0x0000000000003c25      0x427 ./Src/Src_MCAL/EXTI_AM/EXTI_prog.o
                                       0x31b7 (size before relaxing)
 .debug_str     0x000000000000404c      0x2d3 ./Src/Src_MCAL/GPIO/MCAL_GPIO.o
                                       0x3c1f (size before relaxing)
 .debug_str     0x000000000000431f      0xad8 ./Src/Src_MCAL/RCC/MCAL_RCC.o
                                       0x3c9c (size before relaxing)
 .debug_str     0x0000000000004df7      0x35b ./Src/Src_MCAL/SYSTIK/MCAL_SYSTIK.o
                                       0x3409 (size before relaxing)
 .debug_str     0x0000000000005152      0xd64 ./Src/main.o
                                       0x51ab (size before relaxing)
 .debug_str     0x0000000000005eb6       0x31 ./Startup/startup_stm32f401vetx.o
                                         0x8a (size before relaxing)

.comment        0x0000000000000000       0x50
 .comment       0x0000000000000000       0x50 ./Src/Src_APP/Utility/Utility_Delay/DELAY_UNIT.o
                                         0x51 (size before relaxing)
 .comment       0x0000000000000050       0x51 ./Src/Src_HAL/LCD_AM/LCD_prog.o
 .comment       0x0000000000000050       0x51 ./Src/Src_MCAL/EXTI_AM/EXTI_prog.o
 .comment       0x0000000000000050       0x51 ./Src/Src_MCAL/GPIO/MCAL_GPIO.o
 .comment       0x0000000000000050       0x51 ./Src/Src_MCAL/RCC/MCAL_RCC.o
 .comment       0x0000000000000050       0x51 ./Src/Src_MCAL/SYSTIK/MCAL_SYSTIK.o
 .comment       0x0000000000000050       0x51 ./Src/main.o

.debug_frame    0x0000000000000000      0x7f8
 .debug_frame   0x0000000000000000       0x60 ./Src/Src_APP/Utility/Utility_Delay/DELAY_UNIT.o
 .debug_frame   0x0000000000000060       0xe0 ./Src/Src_HAL/LCD_AM/LCD_prog.o
 .debug_frame   0x0000000000000140      0x188 ./Src/Src_MCAL/EXTI_AM/EXTI_prog.o
 .debug_frame   0x00000000000002c8      0x240 ./Src/Src_MCAL/GPIO/MCAL_GPIO.o
 .debug_frame   0x0000000000000508      0x110 ./Src/Src_MCAL/RCC/MCAL_RCC.o
 .debug_frame   0x0000000000000618      0x188 ./Src/Src_MCAL/SYSTIK/MCAL_SYSTIK.o
 .debug_frame   0x00000000000007a0       0x2c ./Src/main.o
 .debug_frame   0x00000000000007cc       0x2c c:/st/stm32cubeide_1.9.0/stm32cubeide/plugins/com.st.stm32cube.ide.mcu.externaltools.gnu-tools-for-stm32.10.3-2021.10.win32_1.0.0.202111181127/tools/bin/../lib/gcc/arm-none-eabi/10.3.1/../../../../arm-none-eabi/lib/thumb/v7e-m+fp/hard\libc_nano.a(lib_a-init.o)
