Archive member included to satisfy reference by file (symbol)

c:/st/stm32cubeide_1.9.0/stm32cubeide/plugins/com.st.stm32cube.ide.mcu.externaltools.gnu-tools-for-stm32.10.3-2021.10.win32_1.0.0.202111181127/tools/bin/../lib/gcc/arm-none-eabi/10.3.1/../../../../arm-none-eabi/lib/thumb/v7e-m+fp/hard\libc_nano.a(lib_a-errno.o)
                              ./Src/syscalls.o (__errno)
c:/st/stm32cubeide_1.9.0/stm32cubeide/plugins/com.st.stm32cube.ide.mcu.externaltools.gnu-tools-for-stm32.10.3-2021.10.win32_1.0.0.202111181127/tools/bin/../lib/gcc/arm-none-eabi/10.3.1/../../../../arm-none-eabi/lib/thumb/v7e-m+fp/hard\libc_nano.a(lib_a-exit.o)
                              c:/st/stm32cubeide_1.9.0/stm32cubeide/plugins/com.st.stm32cube.ide.mcu.externaltools.gnu-tools-for-stm32.10.3-2021.10.win32_1.0.0.202111181127/tools/bin/../lib/gcc/arm-none-eabi/10.3.1/../../../../arm-none-eabi/lib/thumb/v7e-m+fp/hard/crt0.o (exit)
c:/st/stm32cubeide_1.9.0/stm32cubeide/plugins/com.st.stm32cube.ide.mcu.externaltools.gnu-tools-for-stm32.10.3-2021.10.win32_1.0.0.202111181127/tools/bin/../lib/gcc/arm-none-eabi/10.3.1/../../../../arm-none-eabi/lib/thumb/v7e-m+fp/hard\libc_nano.a(lib_a-impure.o)
                              c:/st/stm32cubeide_1.9.0/stm32cubeide/plugins/com.st.stm32cube.ide.mcu.externaltools.gnu-tools-for-stm32.10.3-2021.10.win32_1.0.0.202111181127/tools/bin/../lib/gcc/arm-none-eabi/10.3.1/../../../../arm-none-eabi/lib/thumb/v7e-m+fp/hard\libc_nano.a(lib_a-exit.o) (_global_impure_ptr)
c:/st/stm32cubeide_1.9.0/stm32cubeide/plugins/com.st.stm32cube.ide.mcu.externaltools.gnu-tools-for-stm32.10.3-2021.10.win32_1.0.0.202111181127/tools/bin/../lib/gcc/arm-none-eabi/10.3.1/../../../../arm-none-eabi/lib/thumb/v7e-m+fp/hard\libc_nano.a(lib_a-init.o)
                              c:/st/stm32cubeide_1.9.0/stm32cubeide/plugins/com.st.stm32cube.ide.mcu.externaltools.gnu-tools-for-stm32.10.3-2021.10.win32_1.0.0.202111181127/tools/bin/../lib/gcc/arm-none-eabi/10.3.1/../../../../arm-none-eabi/lib/thumb/v7e-m+fp/hard/crt0.o (__libc_init_array)
c:/st/stm32cubeide_1.9.0/stm32cubeide/plugins/com.st.stm32cube.ide.mcu.externaltools.gnu-tools-for-stm32.10.3-2021.10.win32_1.0.0.202111181127/tools/bin/../lib/gcc/arm-none-eabi/10.3.1/../../../../arm-none-eabi/lib/thumb/v7e-m+fp/hard\libc_nano.a(lib_a-memset.o)
                              c:/st/stm32cubeide_1.9.0/stm32cubeide/plugins/com.st.stm32cube.ide.mcu.externaltools.gnu-tools-for-stm32.10.3-2021.10.win32_1.0.0.202111181127/tools/bin/../lib/gcc/arm-none-eabi/10.3.1/../../../../arm-none-eabi/lib/thumb/v7e-m+fp/hard/crt0.o (memset)

Discarded input sections

 .text          0x0000000000000000        0x0 c:/st/stm32cubeide_1.9.0/stm32cubeide/plugins/com.st.stm32cube.ide.mcu.externaltools.gnu-tools-for-stm32.10.3-2021.10.win32_1.0.0.202111181127/tools/bin/../lib/gcc/arm-none-eabi/10.3.1/thumb/v7e-m+fp/hard/crti.o
 .data          0x0000000000000000        0x0 c:/st/stm32cubeide_1.9.0/stm32cubeide/plugins/com.st.stm32cube.ide.mcu.externaltools.gnu-tools-for-stm32.10.3-2021.10.win32_1.0.0.202111181127/tools/bin/../lib/gcc/arm-none-eabi/10.3.1/thumb/v7e-m+fp/hard/crti.o
 .bss           0x0000000000000000        0x0 c:/st/stm32cubeide_1.9.0/stm32cubeide/plugins/com.st.stm32cube.ide.mcu.externaltools.gnu-tools-for-stm32.10.3-2021.10.win32_1.0.0.202111181127/tools/bin/../lib/gcc/arm-none-eabi/10.3.1/thumb/v7e-m+fp/hard/crti.o
 .data          0x0000000000000000        0x4 c:/st/stm32cubeide_1.9.0/stm32cubeide/plugins/com.st.stm32cube.ide.mcu.externaltools.gnu-tools-for-stm32.10.3-2021.10.win32_1.0.0.202111181127/tools/bin/../lib/gcc/arm-none-eabi/10.3.1/thumb/v7e-m+fp/hard/crtbegin.o
 .rodata        0x0000000000000000       0x24 c:/st/stm32cubeide_1.9.0/stm32cubeide/plugins/com.st.stm32cube.ide.mcu.externaltools.gnu-tools-for-stm32.10.3-2021.10.win32_1.0.0.202111181127/tools/bin/../lib/gcc/arm-none-eabi/10.3.1/thumb/v7e-m+fp/hard/crtbegin.o
 .text          0x0000000000000000       0x7c c:/st/stm32cubeide_1.9.0/stm32cubeide/plugins/com.st.stm32cube.ide.mcu.externaltools.gnu-tools-for-stm32.10.3-2021.10.win32_1.0.0.202111181127/tools/bin/../lib/gcc/arm-none-eabi/10.3.1/../../../../arm-none-eabi/lib/thumb/v7e-m+fp/hard/crt0.o
 .data          0x0000000000000000        0x0 c:/st/stm32cubeide_1.9.0/stm32cubeide/plugins/com.st.stm32cube.ide.mcu.externaltools.gnu-tools-for-stm32.10.3-2021.10.win32_1.0.0.202111181127/tools/bin/../lib/gcc/arm-none-eabi/10.3.1/../../../../arm-none-eabi/lib/thumb/v7e-m+fp/hard/crt0.o
 .bss           0x0000000000000000        0x0 c:/st/stm32cubeide_1.9.0/stm32cubeide/plugins/com.st.stm32cube.ide.mcu.externaltools.gnu-tools-for-stm32.10.3-2021.10.win32_1.0.0.202111181127/tools/bin/../lib/gcc/arm-none-eabi/10.3.1/../../../../arm-none-eabi/lib/thumb/v7e-m+fp/hard/crt0.o
[...]
Memory Configuration

Name             Origin             Length             Attributes
RAM              0x0000000020000000 0x0000000000018000 xrw
FLASH            0x0000000008000000 0x0000000000080000 xr
*default*        0x0000000000000000 0xffffffffffffffff

Linker script and memory map

LOAD c:/st/stm32cubeide_1.9.0/stm32cubeide/plugins/com.st.stm32cube.ide.mcu.externaltools.gnu-tools-for-stm32.10.3-2021.10.win32_1.0.0.202111181127/tools/bin/../lib/gcc/arm-none-eabi/10.3.1/thumb/v7e-m+fp/hard/crti.o
LOAD c:/st/stm32cubeide_1.9.0/stm32cubeide/plugins/com.st.stm32cube.ide.mcu.externaltools.gnu-tools-for-stm32.10.3-2021.10.win32_1.0.0.202111181127/tools/bin/../lib/gcc/arm-none-eabi/10.3.1/thumb/v7e-m+fp/hard/crtbegin.o
LOAD c:/st/stm32cubeide_1.9.0/stm32cubeide/plugins/com.st.stm32cube.ide.mcu.externaltools.gnu-tools-for-stm32.10.3-2021.10.win32_1.0.0.202111181127/tools/bin/../lib/gcc/arm-none-eabi/10.3.1/../../../../arm-none-eabi/lib/thumb/v7e-m+fp/hard/crt0.o
LOAD ./Src/Src_APP/Debug/APP_Debug.o
LOAD ./Src/Src_APP/Utility/Utility_Delay/DELAY_UNIT.o
LOAD ./Src/Src_HAL/Keypad/HAL_Keypad.o
LOAD ./Src/Src_HAL/LCD/HAL_LCD.o
LOAD ./Src/Src_HAL/LED/HAL_LED.o
LOAD ./Src/Src_HAL/TFT/HAL_TFT.o
LOAD ./Src/Src_MCAL/EXTI_AM/EXTI_prog.o
LOAD ./Src/Src_MCAL/EXTIx/MCAL_EXTI.o
LOAD ./Src/Src_MCAL/GPIO/MCAL_GPIO.o
LOAD ./Src/Src_MCAL/NVIC/MCAL_NVIC.o
LOAD ./Src/Src_MCAL/RCC/MCAL_RCC.o
LOAD ./Src/Src_MCAL/SPI/MCAL_SPI.o
LOAD ./Src/Src_MCAL/SYSTIK/MCAL_SYSTIK.o
LOAD ./Src/main.o
LOAD ./Src/syscalls.o
LOAD ./Src/sysmem.o
LOAD ./Startup/startup_stm32f401vetx.o
START GROUP
LOAD c:/st/stm32cubeide_1.9.0/stm32cubeide/plugins/com.st.stm32cube.ide.mcu.externaltools.gnu-tools-for-stm32.10.3-2021.10.win32_1.0.0.202111181127/tools/bin/../lib/gcc/arm-none-eabi/10.3.1/../../../../arm-none-eabi/lib/thumb/v7e-m+fp/hard\libc_nano.a
LOAD c:/st/stm32cubeide_1.9.0/stm32cubeide/plugins/com.st.stm32cube.ide.mcu.externaltools.gnu-tools-for-stm32.10.3-2021.10.win32_1.0.0.202111181127/tools/bin/../lib/gcc/arm-none-eabi/10.3.1/../../../../arm-none-eabi/lib/thumb/v7e-m+fp/hard\libm.a
END GROUP
START GROUP
LOAD c:/st/stm32cubeide_1.9.0/stm32cubeide/plugins/com.st.stm32cube.ide.mcu.externaltools.gnu-tools-for-stm32.10.3-2021.10.win32_1.0.0.202111181127/tools/bin/../lib/gcc/arm-none-eabi/10.3.1/thumb/v7e-m+fp/hard\libgcc.a
LOAD c:/st/stm32cubeide_1.9.0/stm32cubeide/plugins/com.st.stm32cube.ide.mcu.externaltools.gnu-tools-for-stm32.10.3-2021.10.win32_1.0.0.202111181127/tools/bin/../lib/gcc/arm-none-eabi/10.3.1/../../../../arm-none-eabi/lib/thumb/v7e-m+fp/hard\libc_nano.a
END GROUP
START GROUP
LOAD c:/st/stm32cubeide_1.9.0/stm32cubeide/plugins/com.st.stm32cube.ide.mcu.externaltools.gnu-tools-for-stm32.10.3-2021.10.win32_1.0.0.202111181127/tools/bin/../lib/gcc/arm-none-eabi/10.3.1/thumb/v7e-m+fp/hard\libgcc.a
LOAD c:/st/stm32cubeide_1.9.0/stm32cubeide/plugins/com.st.stm32cube.ide.mcu.externaltools.gnu-tools-for-stm32.10.3-2021.10.win32_1.0.0.202111181127/tools/bin/../lib/gcc/arm-none-eabi/10.3.1/../../../../arm-none-eabi/lib/thumb/v7e-m+fp/hard\libc_nano.a
LOAD c:/st/stm32cubeide_1.9.0/stm32cubeide/plugins/com.st.stm32cube.ide.mcu.externaltools.gnu-tools-for-stm32.10.3-2021.10.win32_1.0.0.202111181127/tools/bin/../lib/gcc/arm-none-eabi/10.3.1/../../../../arm-none-eabi/lib/thumb/v7e-m+fp/hard\libnosys.a
END GROUP
START GROUP
LOAD c:/st/stm32cubeide_1.9.0/stm32cubeide/plugins/com.st.stm32cube.ide.mcu.externaltools.gnu-tools-for-stm32.10.3-2021.10.win32_1.0.0.202111181127/tools/bin/../lib/gcc/arm-none-eabi/10.3.1/thumb/v7e-m+fp/hard\libgcc.a
LOAD c:/st/stm32cubeide_1.9.0/stm32cubeide/plugins/com.st.stm32cube.ide.mcu.externaltools.gnu-tools-for-stm32.10.3-2021.10.win32_1.0.0.202111181127/tools/bin/../lib/gcc/arm-none-eabi/10.3.1/../../../../arm-none-eabi/lib/thumb/v7e-m+fp/hard\libc_nano.a
LOAD c:/st/stm32cubeide_1.9.0/stm32cubeide/plugins/com.st.stm32cube.ide.mcu.externaltools.gnu-tools-for-stm32.10.3-2021.10.win32_1.0.0.202111181127/tools/bin/../lib/gcc/arm-none-eabi/10.3.1/../../../../arm-none-eabi/lib/thumb/v7e-m+fp/hard\libnosys.a
END GROUP
LOAD c:/st/stm32cubeide_1.9.0/stm32cubeide/plugins/com.st.stm32cube.ide.mcu.externaltools.gnu-tools-for-stm32.10.3-2021.10.win32_1.0.0.202111181127/tools/bin/../lib/gcc/arm-none-eabi/10.3.1/thumb/v7e-m+fp/hard/crtend.o
LOAD c:/st/stm32cubeide_1.9.0/stm32cubeide/plugins/com.st.stm32cube.ide.mcu.externaltools.gnu-tools-for-stm32.10.3-2021.10.win32_1.0.0.202111181127/tools/bin/../lib/gcc/arm-none-eabi/10.3.1/thumb/v7e-m+fp/hard/crtn.o
                0x0000000020018000                _estack = (ORIGIN (RAM) + LENGTH (RAM))
                0x0000000000000200                _Min_Heap_Size = 0x200
                0x0000000000000400                _Min_Stack_Size = 0x400

.isr_vector     0x0000000008000000      0x194
                0x0000000008000000                . = ALIGN (0x4)
 *(.isr_vector)
 .isr_vector    0x0000000008000000      0x194 ./Startup/startup_stm32f401vetx.o
                0x0000000008000000                g_pfnVectors
                0x0000000008000194                . = ALIGN (0x4)

.text           0x0000000008000194      0xcc4
                0x0000000008000194                . = ALIGN (0x4)
 *(.text)
 .text          0x0000000008000194       0x40 c:/st/stm32cubeide_1.9.0/stm32cubeide/plugins/com.st.stm32cube.ide.mcu.externaltools.gnu-tools-for-stm32.10.3-2021.10.win32_1.0.0.202111181127/tools/bin/../lib/gcc/arm-none-eabi/10.3.1/thumb/v7e-m+fp/hard/crtbegin.o
 *(.text*)
 .text.HTFT_vWrite_Command
                0x00000000080001d4       0x26 ./Src/Src_HAL/TFT/HAL_TFT.o
                0x00000000080001d4                HTFT_vWrite_Command
 .text.HTFT_vWrite_Data
                0x00000000080001fa       0x24 ./Src/Src_HAL/TFT/HAL_TFT.o
                0x00000000080001fa                HTFT_vWrite_Data
 *fill*         0x000000000800021e        0x2 
 .text.HTFT_vInit
                0x0000000008000220      0x10c ./Src/Src_HAL/TFT/HAL_TFT.o
                0x0000000008000220                HTFT_vInit
 .text.EXTI0_IRQHandler
                0x000000000800032c       0x24 ./Src/Src_MCAL/EXTI_AM/EXTI_prog.o
                0x000000000800032c                EXTI0_IRQHandler
 .text.EXTI1_IRQHandler
                0x0000000008000350       0x24 ./Src/Src_MCAL/EXTI_AM/EXTI_prog.o
                0x0000000008000350                EXTI1_IRQHandler
 .text.MGPIO_vSetPinMode
                0x0000000008000374       0xf0 ./Src/Src_MCAL/GPIO/MCAL_GPIO.o
                0x0000000008000374                MGPIO_vSetPinMode
 .text.MGPIO_vSetPinOutputType
                0x0000000008000464       0xe4 ./Src/Src_MCAL/GPIO/MCAL_GPIO.o
                0x0000000008000464                MGPIO_vSetPinOutputType
 .text.MGPIO_vSetPinOutputSpeed
                0x0000000008000548       0xf0 ./Src/Src_MCAL/GPIO/MCAL_GPIO.o
                0x0000000008000548                MGPIO_vSetPinOutputSpeed
 .text.MGPIO_vWritePinData
                0x0000000008000638      0x1a8 ./Src/Src_MCAL/GPIO/MCAL_GPIO.o
                0x0000000008000638                MGPIO_vWritePinData
 .text.MGPIO_vSetPinAltFun
                0x00000000080007e0      0x1b8 ./Src/Src_MCAL/GPIO/MCAL_GPIO.o
                0x00000000080007e0                MGPIO_vSetPinAltFun
 .text.MRCC_vInitSystemClock
                0x0000000008000998       0x5c ./Src/Src_MCAL/RCC/MCAL_RCC.o
                0x0000000008000998                MRCC_vInitSystemClock
 .text.MRCC_vEnableBusClock
                0x00000000080009f4       0x98 ./Src/Src_MCAL/RCC/MCAL_RCC.o
                0x00000000080009f4                MRCC_vEnableBusClock
 .text.MSPI_vInit
                0x0000000008000a8c       0xb8 ./Src/Src_MCAL/SPI/MCAL_SPI.o
                0x0000000008000a8c                MSPI_vInit
 .text.MSPI_vEnable
                0x0000000008000b44       0x6c ./Src/Src_MCAL/SPI/MCAL_SPI.o
                0x0000000008000b44                MSPI_vEnable
 .text.MSPI1_u16TrasRes
                0x0000000008000bb0       0x4c ./Src/Src_MCAL/SPI/MCAL_SPI.o
                0x0000000008000bb0                MSPI1_u16TrasRes
 .text.SPI1_IRQHandler
                0x0000000008000bfc       0x14 ./Src/Src_MCAL/SPI/MCAL_SPI.o
                0x0000000008000bfc                SPI1_IRQHandler
 .text.MSTK_Init
                0x0000000008000c10       0x50 ./Src/Src_MCAL/SYSTIK/MCAL_SYSTIK.o
                0x0000000008000c10                MSTK_Init
 .text.MSTK_DelayMs
                0x0000000008000c60       0x58 ./Src/Src_MCAL/SYSTIK/MCAL_SYSTIK.o
                0x0000000008000c60                MSTK_DelayMs
 .text.SysTick_Handler
                0x0000000008000cb8       0xb4 ./Src/Src_MCAL/SYSTIK/MCAL_SYSTIK.o
                0x0000000008000cb8                SysTick_Handler
 .text.main     0x0000000008000d6c       0x38 ./Src/main.o
                0x0000000008000d6c                main
 .text.Reset_Handler
                0x0000000008000da4       0x50 ./Startup/startup_stm32f401vetx.o
                0x0000000008000da4                Reset_Handler
 .text.Default_Handler
                0x0000000008000df4        0x2 ./Startup/startup_stm32f401vetx.o
                0x0000000008000df4                EXTI2_IRQHandler
                0x0000000008000df4                DebugMon_Handler
                0x0000000008000df4                SPI4_IRQHandler
                0x0000000008000df4                TIM1_CC_IRQHandler
                0x0000000008000df4                HardFault_Handler
                0x0000000008000df4                SDIO_IRQHandler
                0x0000000008000df4                TAMP_STAMP_IRQHandler
                0x0000000008000df4                PendSV_Handler
                0x0000000008000df4                NMI_Handler
                0x0000000008000df4                EXTI3_IRQHandler
                0x0000000008000df4                TIM1_UP_TIM10_IRQHandler
                0x0000000008000df4                I2C3_ER_IRQHandler
                0x0000000008000df4                EXTI18_OTG_FS_WKUP_IRQHandler
                0x0000000008000df4                I2C2_EV_IRQHandler
                0x0000000008000df4                FPU_IRQHandler
                0x0000000008000df4                UsageFault_Handler
                0x0000000008000df4                TIM1_BRK_TIM9_IRQHandler
                0x0000000008000df4                USART6_IRQHandler
                0x0000000008000df4                TIM4_IRQHandler
                0x0000000008000df4                I2C1_EV_IRQHandler
                0x0000000008000df4                TIM3_IRQHandler
                0x0000000008000df4                RCC_IRQHandler
                0x0000000008000df4                Default_Handler
                0x0000000008000df4                EXTI15_10_IRQHandler
                0x0000000008000df4                ADC_IRQHandler
                0x0000000008000df4                TIM5_IRQHandler
                0x0000000008000df4                I2C3_EV_IRQHandler
                0x0000000008000df4                EXTI9_5_IRQHandler
                0x0000000008000df4                SPI2_IRQHandler
                0x0000000008000df4                MemManage_Handler
                0x0000000008000df4                SVC_Handler
                0x0000000008000df4                EXTI4_IRQHandler
                0x0000000008000df4                EXTI22_RTC_WKUP_IRQHandler
                0x0000000008000df4                TIM2_IRQHandler
                0x0000000008000df4                EXTI16_PVD_IRQHandler
                0x0000000008000df4                TIM1_TRG_COM_TIM11_IRQHandler
                0x0000000008000df4                EXTI17_RTC_Alarm_IRQHandler
                0x0000000008000df4                USART2_IRQHandler
                0x0000000008000df4                I2C2_ER_IRQHandler
                0x0000000008000df4                FLASH_IRQHandler
                0x0000000008000df4                BusFault_Handler
                0x0000000008000df4                USART1_IRQHandler
                0x0000000008000df4                OTG_FS_IRQHandler
                0x0000000008000df4                SPI3_IRQHandler
                0x0000000008000df4                I2C1_ER_IRQHandler
 *fill*         0x0000000008000df6        0x2 
 .text.__libc_init_array
                0x0000000008000df8       0x48 c:/st/stm32cubeide_1.9.0/stm32cubeide/plugins/com.st.stm32cube.ide.mcu.externaltools.gnu-tools-for-stm32.10.3-2021.10.win32_1.0.0.202111181127/tools/bin/../lib/gcc/arm-none-eabi/10.3.1/../../../../arm-none-eabi/lib/thumb/v7e-m+fp/hard\libc_nano.a(lib_a-init.o)
                0x0000000008000df8                __libc_init_array
 *(.glue_7)
 .glue_7        0x0000000008000e40        0x0 linker stubs
 *(.glue_7t)
 .glue_7t       0x0000000008000e40        0x0 linker stubs
 *(.eh_frame)
 .eh_frame      0x0000000008000e40        0x0 c:/st/stm32cubeide_1.9.0/stm32cubeide/plugins/com.st.stm32cube.ide.mcu.externaltools.gnu-tools-for-stm32.10.3-2021.10.win32_1.0.0.202111181127/tools/bin/../lib/gcc/arm-none-eabi/10.3.1/thumb/v7e-m+fp/hard/crtbegin.o
 *(.init)
 .init          0x0000000008000e40        0x4 c:/st/stm32cubeide_1.9.0/stm32cubeide/plugins/com.st.stm32cube.ide.mcu.externaltools.gnu-tools-for-stm32.10.3-2021.10.win32_1.0.0.202111181127/tools/bin/../lib/gcc/arm-none-eabi/10.3.1/thumb/v7e-m+fp/hard/crti.o
                0x0000000008000e40                _init
 .init          0x0000000008000e44        0x8 c:/st/stm32cubeide_1.9.0/stm32cubeide/plugins/com.st.stm32cube.ide.mcu.externaltools.gnu-tools-for-stm32.10.3-2021.10.win32_1.0.0.202111181127/tools/bin/../lib/gcc/arm-none-eabi/10.3.1/thumb/v7e-m+fp/hard/crtn.o
 *(.fini)
 .fini          0x0000000008000e4c        0x4 c:/st/stm32cubeide_1.9.0/stm32cubeide/plugins/com.st.stm32cube.ide.mcu.externaltools.gnu-tools-for-stm32.10.3-2021.10.win32_1.0.0.202111181127/tools/bin/../lib/gcc/arm-none-eabi/10.3.1/thumb/v7e-m+fp/hard/crti.o
                0x0000000008000e4c                _fini
 .fini          0x0000000008000e50        0x8 c:/st/stm32cubeide_1.9.0/stm32cubeide/plugins/com.st.stm32cube.ide.mcu.externaltools.gnu-tools-for-stm32.10.3-2021.10.win32_1.0.0.202111181127/tools/bin/../lib/gcc/arm-none-eabi/10.3.1/thumb/v7e-m+fp/hard/crtn.o
                0x0000000008000e58                . = ALIGN (0x4)
                0x0000000008000e58                _etext = .

.vfp11_veneer   0x0000000008000e58        0x0
 .vfp11_veneer  0x0000000008000e58        0x0 linker stubs

.v4_bx          0x0000000008000e58        0x0
 .v4_bx         0x0000000008000e58        0x0 linker stubs

.iplt           0x0000000008000e58        0x0
 .iplt          0x0000000008000e58        0x0 c:/st/stm32cubeide_1.9.0/stm32cubeide/plugins/com.st.stm32cube.ide.mcu.externaltools.gnu-tools-for-stm32.10.3-2021.10.win32_1.0.0.202111181127/tools/bin/../lib/gcc/arm-none-eabi/10.3.1/thumb/v7e-m+fp/hard/crtbegin.o

.rel.dyn        0x0000000008000e58        0x0
 .rel.iplt      0x0000000008000e58        0x0 c:/st/stm32cubeide_1.9.0/stm32cubeide/plugins/com.st.stm32cube.ide.mcu.externaltools.gnu-tools-for-stm32.10.3-2021.10.win32_1.0.0.202111181127/tools/bin/../lib/gcc/arm-none-eabi/10.3.1/thumb/v7e-m+fp/hard/crtbegin.o

.rodata         0x0000000008000e58        0x0
                0x0000000008000e58                . = ALIGN (0x4)
 *(.rodata)
 *(.rodata*)
                0x0000000008000e58                . = ALIGN (0x4)

.ARM.extab      0x0000000008000e58        0x0
                0x0000000008000e58                . = ALIGN (0x4)
 *(.ARM.extab* .gnu.linkonce.armextab.*)
                0x0000000008000e58                . = ALIGN (0x4)

.ARM            0x0000000008000e58        0x0
                0x0000000008000e58                . = ALIGN (0x4)
                0x0000000008000e58                __exidx_start = .
 *(.ARM.exidx*)
                0x0000000008000e58                __exidx_end = .
                0x0000000008000e58                . = ALIGN (0x4)

.preinit_array  0x0000000008000e58        0x0
                0x0000000008000e58                . = ALIGN (0x4)
                0x0000000008000e58                PROVIDE (__preinit_array_start = .)
 *(.preinit_array*)
                0x0000000008000e58                PROVIDE (__preinit_array_end = .)
                0x0000000008000e58                . = ALIGN (0x4)

.init_array     0x0000000008000e58        0x4
                0x0000000008000e58                . = ALIGN (0x4)
                0x0000000008000e58                PROVIDE (__init_array_start = .)
 *(SORT_BY_NAME(.init_array.*))
 *(.init_array*)
 .init_array    0x0000000008000e58        0x4 c:/st/stm32cubeide_1.9.0/stm32cubeide/plugins/com.st.stm32cube.ide.mcu.externaltools.gnu-tools-for-stm32.10.3-2021.10.win32_1.0.0.202111181127/tools/bin/../lib/gcc/arm-none-eabi/10.3.1/thumb/v7e-m+fp/hard/crtbegin.o
                0x0000000008000e5c                PROVIDE (__init_array_end = .)
                0x0000000008000e5c                . = ALIGN (0x4)

.fini_array     0x0000000008000e5c        0x4
                0x0000000008000e5c                . = ALIGN (0x4)
                [!provide]                        PROVIDE (__fini_array_start = .)
 *(SORT_BY_NAME(.fini_array.*))
 *(.fini_array*)
 .fini_array    0x0000000008000e5c        0x4 c:/st/stm32cubeide_1.9.0/stm32cubeide/plugins/com.st.stm32cube.ide.mcu.externaltools.gnu-tools-for-stm32.10.3-2021.10.win32_1.0.0.202111181127/tools/bin/../lib/gcc/arm-none-eabi/10.3.1/thumb/v7e-m+fp/hard/crtbegin.o
                [!provide]                        PROVIDE (__fini_array_end = .)
                0x0000000008000e60                . = ALIGN (0x4)
                0x0000000008000e60                _sidata = LOADADDR (.data)

.data           0x0000000020000000        0x0 load address 0x0000000008000e60
                0x0000000020000000                . = ALIGN (0x4)
                0x0000000020000000                _sdata = .
 *(.data)
 *(.data*)
 *(.RamFunc)
 *(.RamFunc*)
                0x0000000020000000                . = ALIGN (0x4)
                0x0000000020000000                _edata = .

.igot.plt       0x0000000020000000        0x0 load address 0x0000000008000e60
 .igot.plt      0x0000000020000000        0x0 c:/st/stm32cubeide_1.9.0/stm32cubeide/plugins/com.st.stm32cube.ide.mcu.externaltools.gnu-tools-for-stm32.10.3-2021.10.win32_1.0.0.202111181127/tools/bin/../lib/gcc/arm-none-eabi/10.3.1/thumb/v7e-m+fp/hard/crtbegin.o
                0x0000000020000000                . = ALIGN (0x4)

.bss            0x0000000020000000       0x40 load address 0x0000000008000e60
                0x0000000020000000                _sbss = .
                0x0000000020000000                __bss_start__ = _sbss
 *(.bss)
 .bss           0x0000000020000000       0x1c c:/st/stm32cubeide_1.9.0/stm32cubeide/plugins/com.st.stm32cube.ide.mcu.externaltools.gnu-tools-for-stm32.10.3-2021.10.win32_1.0.0.202111181127/tools/bin/../lib/gcc/arm-none-eabi/10.3.1/thumb/v7e-m+fp/hard/crtbegin.o
 *(.bss*)
 .bss.EXTI0_CallBack
                0x000000002000001c        0x4 ./Src/Src_MCAL/EXTI_AM/EXTI_prog.o
                0x000000002000001c                EXTI0_CallBack
 .bss.EXTI1_CallBack
                0x0000000020000020        0x4 ./Src/Src_MCAL/EXTI_AM/EXTI_prog.o
                0x0000000020000020                EXTI1_CallBack
 .bss.MSPI1_CallBack
                0x0000000020000024        0x4 ./Src/Src_MCAL/SPI/MCAL_SPI.o
                0x0000000020000024                MSPI1_CallBack
 .bss.STK_CLK_Ms_Ticks
                0x0000000020000028        0x4 ./Src/Src_MCAL/SYSTIK/MCAL_SYSTIK.o
 .bss.STK_RequiredOnTime
                0x000000002000002c        0x4 ./Src/Src_MCAL/SYSTIK/MCAL_SYSTIK.o
 .bss.STK_RequiredOffTime
                0x0000000020000030        0x4 ./Src/Src_MCAL/SYSTIK/MCAL_SYSTIK.o
 .bss.STK_pAppFun
                0x0000000020000034        0x4 ./Src/Src_MCAL/SYSTIK/MCAL_SYSTIK.o
 .bss.STK_CallBackMode
                0x0000000020000038        0x1 ./Src/Src_MCAL/SYSTIK/MCAL_SYSTIK.o
 .bss.G_u8ReadFlag
                0x0000000020000039        0x1 ./Src/Src_MCAL/SYSTIK/MCAL_SYSTIK.o
 *fill*         0x000000002000003a        0x2 
 .bss.counter   0x000000002000003c        0x4 ./Src/Src_MCAL/SYSTIK/MCAL_SYSTIK.o
 *(COMMON)
                0x0000000020000040                . = ALIGN (0x4)
                0x0000000020000040                _ebss = .
                0x0000000020000040                __bss_end__ = _ebss

._user_heap_stack
                0x0000000020000040      0x600 load address 0x0000000008000e60
                0x0000000020000040                . = ALIGN (0x8)
                [!provide]                        PROVIDE (end = .)
                0x0000000020000040                PROVIDE (_end = .)
                0x0000000020000240                . = (. + _Min_Heap_Size)
 *fill*         0x0000000020000040      0x200 
                0x0000000020000640                . = (. + _Min_Stack_Size)
 *fill*         0x0000000020000240      0x400 
                0x0000000020000640                . = ALIGN (0x8)

/DISCARD/
 libc.a(*)
 libm.a(*)
 libgcc.a(*)

.ARM.attributes
                0x0000000000000000       0x30
 *(.ARM.attributes)
 .ARM.attributes
                0x0000000000000000       0x1e c:/st/stm32cubeide_1.9.0/stm32cubeide/plugins/com.st.stm32cube.ide.mcu.externaltools.gnu-tools-for-stm32.10.3-2021.10.win32_1.0.0.202111181127/tools/bin/../lib/gcc/arm-none-eabi/10.3.1/thumb/v7e-m+fp/hard/crti.o
 .ARM.attributes
                0x000000000000001e       0x34 c:/st/stm32cubeide_1.9.0/stm32cubeide/plugins/com.st.stm32cube.ide.mcu.externaltools.gnu-tools-for-stm32.10.3-2021.10.win32_1.0.0.202111181127/tools/bin/../lib/gcc/arm-none-eabi/10.3.1/thumb/v7e-m+fp/hard/crtbegin.o
 .ARM.attributes
                0x0000000000000052       0x34 ./Src/Src_HAL/TFT/HAL_TFT.o
 .ARM.attributes
                0x0000000000000086       0x34 ./Src/Src_MCAL/EXTI_AM/EXTI_prog.o
 .ARM.attributes
                0x00000000000000ba       0x34 ./Src/Src_MCAL/GPIO/MCAL_GPIO.o
 .ARM.attributes
                0x00000000000000ee       0x34 ./Src/Src_MCAL/RCC/MCAL_RCC.o
 .ARM.attributes
                0x0000000000000122       0x34 ./Src/Src_MCAL/SPI/MCAL_SPI.o
 .ARM.attributes
                0x0000000000000156       0x34 ./Src/Src_MCAL/SYSTIK/MCAL_SYSTIK.o
 .ARM.attributes
                0x000000000000018a       0x34 ./Src/main.o
 .ARM.attributes
                0x00000000000001be       0x21 ./Startup/startup_stm32f401vetx.o
 .ARM.attributes
                0x00000000000001df       0x34 c:/st/stm32cubeide_1.9.0/stm32cubeide/plugins/com.st.stm32cube.ide.mcu.externaltools.gnu-tools-for-stm32.10.3-2021.10.win32_1.0.0.202111181127/tools/bin/../lib/gcc/arm-none-eabi/10.3.1/../../../../arm-none-eabi/lib/thumb/v7e-m+fp/hard\libc_nano.a(lib_a-init.o)
 .ARM.attributes
                0x0000000000000213       0x1e c:/st/stm32cubeide_1.9.0/stm32cubeide/plugins/com.st.stm32cube.ide.mcu.externaltools.gnu-tools-for-stm32.10.3-2021.10.win32_1.0.0.202111181127/tools/bin/../lib/gcc/arm-none-eabi/10.3.1/thumb/v7e-m+fp/hard/crtn.o
OUTPUT(STM32F401VET6.elf elf32-littlearm)
LOAD linker stubs
LOAD c:/st/stm32cubeide_1.9.0/stm32cubeide/plugins/com.st.stm32cube.ide.mcu.externaltools.gnu-tools-for-stm32.10.3-2021.10.win32_1.0.0.202111181127/tools/bin/../lib/gcc/arm-none-eabi/10.3.1/../../../../arm-none-eabi/lib/thumb/v7e-m+fp/hard\libc.a
LOAD c:/st/stm32cubeide_1.9.0/stm32cubeide/plugins/com.st.stm32cube.ide.mcu.externaltools.gnu-tools-for-stm32.10.3-2021.10.win32_1.0.0.202111181127/tools/bin/../lib/gcc/arm-none-eabi/10.3.1/../../../../arm-none-eabi/lib/thumb/v7e-m+fp/hard\libm.a
LOAD c:/st/stm32cubeide_1.9.0/stm32cubeide/plugins/com.st.stm32cube.ide.mcu.externaltools.gnu-tools-for-stm32.10.3-2021.10.win32_1.0.0.202111181127/tools/bin/../lib/gcc/arm-none-eabi/10.3.1/thumb/v7e-m+fp/hard\libgcc.a

.debug_info     0x0000000000000000     0x23bc
 .debug_info    0x0000000000000000      0x4ec ./Src/Src_HAL/TFT/HAL_TFT.o
 .debug_info    0x00000000000004ec      0x3f7 ./Src/Src_MCAL/EXTI_AM/EXTI_prog.o
 .debug_info    0x00000000000008e3      0x73a ./Src/Src_MCAL/GPIO/MCAL_GPIO.o
 .debug_info    0x000000000000101d      0x5d2 ./Src/Src_MCAL/RCC/MCAL_RCC.o
 .debug_info    0x00000000000015ef      0x5bb ./Src/Src_MCAL/SPI/MCAL_SPI.o
 .debug_info    0x0000000000001baa      0x5cb ./Src/Src_MCAL/SYSTIK/MCAL_SYSTIK.o
 .debug_info    0x0000000000002175      0x225 ./Src/main.o
 .debug_info    0x000000000000239a       0x22 ./Startup/startup_stm32f401vetx.o

.debug_abbrev   0x0000000000000000      0x8cc
 .debug_abbrev  0x0000000000000000      0x120 ./Src/Src_HAL/TFT/HAL_TFT.o
 .debug_abbrev  0x0000000000000120      0x159 ./Src/Src_MCAL/EXTI_AM/EXTI_prog.o
 .debug_abbrev  0x0000000000000279      0x13f ./Src/Src_MCAL/GPIO/MCAL_GPIO.o
 .debug_abbrev  0x00000000000003b8       0xf5 ./Src/Src_MCAL/RCC/MCAL_RCC.o
 .debug_abbrev  0x00000000000004ad      0x185 ./Src/Src_MCAL/SPI/MCAL_SPI.o
 .debug_abbrev  0x0000000000000632      0x18e ./Src/Src_MCAL/SYSTIK/MCAL_SYSTIK.o
 .debug_abbrev  0x00000000000007c0       0xfa ./Src/main.o
 .debug_abbrev  0x00000000000008ba       0x12 ./Startup/startup_stm32f401vetx.o

.debug_aranges  0x0000000000000000      0x2b0
 .debug_aranges
                0x0000000000000000       0x78 ./Src/Src_HAL/TFT/HAL_TFT.o
 .debug_aranges
                0x0000000000000078       0x68 ./Src/Src_MCAL/EXTI_AM/EXTI_prog.o
 .debug_aranges
                0x00000000000000e0       0x88 ./Src/Src_MCAL/GPIO/MCAL_GPIO.o
 .debug_aranges
                0x0000000000000168       0x50 ./Src/Src_MCAL/RCC/MCAL_RCC.o
 .debug_aranges
                0x00000000000001b8       0x48 ./Src/Src_MCAL/SPI/MCAL_SPI.o
 .debug_aranges
                0x0000000000000200       0x68 ./Src/Src_MCAL/SYSTIK/MCAL_SYSTIK.o
 .debug_aranges
                0x0000000000000268       0x20 ./Src/main.o
 .debug_aranges
                0x0000000000000288       0x28 ./Startup/startup_stm32f401vetx.o

.debug_ranges   0x0000000000000000      0x238
 .debug_ranges  0x0000000000000000       0x68 ./Src/Src_HAL/TFT/HAL_TFT.o
 .debug_ranges  0x0000000000000068       0x58 ./Src/Src_MCAL/EXTI_AM/EXTI_prog.o
 .debug_ranges  0x00000000000000c0       0x78 ./Src/Src_MCAL/GPIO/MCAL_GPIO.o
 .debug_ranges  0x0000000000000138       0x40 ./Src/Src_MCAL/RCC/MCAL_RCC.o
 .debug_ranges  0x0000000000000178       0x38 ./Src/Src_MCAL/SPI/MCAL_SPI.o
 .debug_ranges  0x00000000000001b0       0x58 ./Src/Src_MCAL/SYSTIK/MCAL_SYSTIK.o
 .debug_ranges  0x0000000000000208       0x10 ./Src/main.o
 .debug_ranges  0x0000000000000218       0x20 ./Startup/startup_stm32f401vetx.o

.debug_macro    0x0000000000000000      0x79a
 .debug_macro   0x0000000000000000      0x121 ./Src/Src_HAL/TFT/HAL_TFT.o
 .debug_macro   0x0000000000000121       0x34 ./Src/Src_HAL/TFT/HAL_TFT.o
 .debug_macro   0x0000000000000155       0x3a ./Src/Src_HAL/TFT/HAL_TFT.o
 .debug_macro   0x000000000000018f       0x40 ./Src/Src_HAL/TFT/HAL_TFT.o
 .debug_macro   0x00000000000001cf       0x34 ./Src/Src_HAL/TFT/HAL_TFT.o
 .debug_macro   0x0000000000000203       0x16 ./Src/Src_HAL/TFT/HAL_TFT.o
 .debug_macro   0x0000000000000219       0x3a ./Src/Src_HAL/TFT/HAL_TFT.o
 .debug_macro   0x0000000000000253       0x3a ./Src/Src_HAL/TFT/HAL_TFT.o
 .debug_macro   0x000000000000028d       0x1c ./Src/Src_HAL/TFT/HAL_TFT.o
 .debug_macro   0x00000000000002a9       0x4f ./Src/Src_MCAL/EXTI_AM/EXTI_prog.o
 .debug_macro   0x00000000000002f8       0x22 ./Src/Src_MCAL/EXTI_AM/EXTI_prog.o
 .debug_macro   0x000000000000031a       0x22 ./Src/Src_MCAL/EXTI_AM/EXTI_prog.o
 .debug_macro   0x000000000000033c       0x10 ./Src/Src_MCAL/EXTI_AM/EXTI_prog.o
 .debug_macro   0x000000000000034c       0x10 ./Src/Src_MCAL/EXTI_AM/EXTI_prog.o
 .debug_macro   0x000000000000035c       0x71 ./Src/Src_MCAL/GPIO/MCAL_GPIO.o
 .debug_macro   0x00000000000003cd       0x6f ./Src/Src_MCAL/RCC/MCAL_RCC.o
 .debug_macro   0x000000000000043c       0x70 ./Src/Src_MCAL/SPI/MCAL_SPI.o
 .debug_macro   0x00000000000004ac       0x6b ./Src/Src_MCAL/SYSTIK/MCAL_SYSTIK.o
 .debug_macro   0x0000000000000517      0x283 ./Src/main.o

.debug_line     0x0000000000000000     0x2b71
 .debug_line    0x0000000000000000      0x7b6 ./Src/Src_HAL/TFT/HAL_TFT.o
 .debug_line    0x00000000000007b6      0x229 ./Src/Src_MCAL/EXTI_AM/EXTI_prog.o
 .debug_line    0x00000000000009df      0x8fb ./Src/Src_MCAL/GPIO/MCAL_GPIO.o
 .debug_line    0x00000000000012da      0x2d4 ./Src/Src_MCAL/RCC/MCAL_RCC.o
 .debug_line    0x00000000000015ae      0x30b ./Src/Src_MCAL/SPI/MCAL_SPI.o
 .debug_line    0x00000000000018b9      0x432 ./Src/Src_MCAL/SYSTIK/MCAL_SYSTIK.o
 .debug_line    0x0000000000001ceb      0xe02 ./Src/main.o
 .debug_line    0x0000000000002aed       0x84 ./Startup/startup_stm32f401vetx.o

.debug_str      0x0000000000000000     0x65fc
 .debug_str     0x0000000000000000     0x495a ./Src/Src_HAL/TFT/HAL_TFT.o
                                       0x49ed (size before relaxing)
 .debug_str     0x000000000000495a      0x427 ./Src/Src_MCAL/EXTI_AM/EXTI_prog.o
                                       0x31b7 (size before relaxing)
 .debug_str     0x0000000000004d81      0x2bf ./Src/Src_MCAL/GPIO/MCAL_GPIO.o
                                       0x3c1f (size before relaxing)
 .debug_str     0x0000000000005040      0x2ea ./Src/Src_MCAL/RCC/MCAL_RCC.o
                                       0x3c9c (size before relaxing)
 .debug_str     0x000000000000532a      0x19b ./Src/Src_MCAL/SPI/MCAL_SPI.o
                                       0x36a4 (size before relaxing)
 .debug_str     0x00000000000054c5      0x21c ./Src/Src_MCAL/SYSTIK/MCAL_SYSTIK.o
                                       0x356c (size before relaxing)
 .debug_str     0x00000000000056e1      0xeea ./Src/main.o
                                       0x58cd (size before relaxing)
 .debug_str     0x00000000000065cb       0x31 ./Startup/startup_stm32f401vetx.o
                                         0x8a (size before relaxing)

.comment        0x0000000000000000       0x50
 .comment       0x0000000000000000       0x50 ./Src/Src_HAL/TFT/HAL_TFT.o
                                         0x51 (size before relaxing)
 .comment       0x0000000000000050       0x51 ./Src/Src_MCAL/EXTI_AM/EXTI_prog.o
 .comment       0x0000000000000050       0x51 ./Src/Src_MCAL/GPIO/MCAL_GPIO.o
 .comment       0x0000000000000050       0x51 ./Src/Src_MCAL/RCC/MCAL_RCC.o
 .comment       0x0000000000000050       0x51 ./Src/Src_MCAL/SPI/MCAL_SPI.o
 .comment       0x0000000000000050       0x51 ./Src/Src_MCAL/SYSTIK/MCAL_SYSTIK.o
 .comment       0x0000000000000050       0x51 ./Src/main.o

.debug_frame    0x0000000000000000      0x978
 .debug_frame   0x0000000000000000      0x1cc ./Src/Src_HAL/TFT/HAL_TFT.o
 .debug_frame   0x00000000000001cc      0x188 ./Src/Src_MCAL/EXTI_AM/EXTI_prog.o
 .debug_frame   0x0000000000000354      0x240 ./Src/Src_MCAL/GPIO/MCAL_GPIO.o
 .debug_frame   0x0000000000000594      0x110 ./Src/Src_MCAL/RCC/MCAL_RCC.o
 .debug_frame   0x00000000000006a4       0xf4 ./Src/Src_MCAL/SPI/MCAL_SPI.o
 .debug_frame   0x0000000000000798      0x188 ./Src/Src_MCAL/SYSTIK/MCAL_SYSTIK.o
 .debug_frame   0x0000000000000920       0x2c ./Src/main.o
 .debug_frame   0x000000000000094c       0x2c c:/st/stm32cubeide_1.9.0/stm32cubeide/plugins/com.st.stm32cube.ide.mcu.externaltools.gnu-tools-for-stm32.10.3-2021.10.win32_1.0.0.202111181127/tools/bin/../lib/gcc/arm-none-eabi/10.3.1/../../../../arm-none-eabi/lib/thumb/v7e-m+fp/hard\libc_nano.a(lib_a-init.o)
