../Src/Src_MCAL/EXTIx/MCAL_EXTI.c:13:6:MEXTI_vEnableInterruptLine	0	static
../Src/Src_MCAL/EXTIx/MCAL_EXTI.c:18:6:MEXTI_vDisableInterruptLine	0	static
../Src/Src_MCAL/EXTIx/MCAL_EXTI.c:23:6:MEXTI_vSelectEventTrigger	0	static
../Src/Src_MCAL/EXTIx/MCAL_EXTI.c:43:6:MEXTI_vSoftwareTrigger	0	static
../Src/Src_MCAL/EXTIx/MCAL_EXTI.c:48:4:MEXTI_U8GetPendingInterrupt	0	static
../Src/Src_MCAL/EXTIx/MCAL_EXTI.c:55:6:MEXTI_vSelectPort	8	static
../Src/Src_MCAL/EXTIx/MCAL_EXTI.c:63:6:MEXTI_vSetCallBack	0	static
