../Src/Src_MCAL/SYSTIK/MCAL_SYSTIK.c:21:6:STK_Init	0	static
../Src/Src_MCAL/SYSTIK/MCAL_SYSTIK.c:42:6:STK_Stop	0	static
../Src/Src_MCAL/SYSTIK/MCAL_SYSTIK.c:52:6:STK_DelayMs	0	static
../Src/Src_MCAL/SYSTIK/MCAL_SYSTIK.c:62:6:STK_DelayUs	0	static
../Src/Src_MCAL/SYSTIK/MCAL_SYSTIK.c:72:6:STK_PeriodicCallBackMs	0	static
../Src/Src_MCAL/SYSTIK/MCAL_SYSTIK.c:88:6:STK_SingleCallBackMs	0	static
../Src/Src_MCAL/SYSTIK/MCAL_SYSTIK.c:105:5:STK_GetRemainingTime	0	static
../Src/Src_MCAL/SYSTIK/MCAL_SYSTIK.c:114:5:STK_GetElapsedTime	0	static
../Src/Src_MCAL/SYSTIK/MCAL_SYSTIK.c:135:6:STK_PWM	16	static
../Src/Src_MCAL/SYSTIK/MCAL_SYSTIK.c:150:6:SysTick_Handler	8	static
