../Src/Src_MCAL/EXTIx/MCAL_EXTI.c:13:6:MEXTI_vEnableInterruptLine	16	static
../Src/Src_MCAL/EXTIx/MCAL_EXTI.c:18:6:MEXTI_vDisableInterruptLine	16	static
../Src/Src_MCAL/EXTIx/MCAL_EXTI.c:23:6:MEXTI_vSelectEventTrigger	16	static
../Src/Src_MCAL/EXTIx/MCAL_EXTI.c:43:6:MEXTI_vSoftwareTrigger	16	static
../Src/Src_MCAL/EXTIx/MCAL_EXTI.c:48:4:MEXTI_U8GetPendingInterrupt	24	static
../Src/Src_MCAL/EXTIx/MCAL_EXTI.c:55:6:MEXTI_vSelectPort	16	static
../Src/Src_MCAL/EXTIx/MCAL_EXTI.c:63:6:MEXTI_vSetCallBack	16	static
../Src/Src_MCAL/EXTIx/MCAL_EXTI.c:68:13:EXTI0_IRQHandler	8	static
../Src/Src_MCAL/EXTIx/MCAL_EXTI.c:73:13:EXTI1_IRQHandler	8	static
../Src/Src_MCAL/EXTIx/MCAL_EXTI.c:79:13:EXTI2_IRQHandler	8	static
../Src/Src_MCAL/EXTIx/MCAL_EXTI.c:85:13:EXTI3_IRQHandler	8	static
../Src/Src_MCAL/EXTIx/MCAL_EXTI.c:91:13:EXTI4_IRQHandler	8	static
../Src/Src_MCAL/EXTIx/MCAL_EXTI.c:97:13:EXTI5_IRQHandler	8	static
../Src/Src_MCAL/EXTIx/MCAL_EXTI.c:103:13:EXTI6_IRQHandler	8	static
../Src/Src_MCAL/EXTIx/MCAL_EXTI.c:109:13:EXTI7_IRQHandler	8	static
../Src/Src_MCAL/EXTIx/MCAL_EXTI.c:115:13:EXTI8_IRQHandler	8	static
../Src/Src_MCAL/EXTIx/MCAL_EXTI.c:121:13:EXTI9_IRQHandler	8	static
../Src/Src_MCAL/EXTIx/MCAL_EXTI.c:127:13:EXTI10_IRQHandler	8	static
../Src/Src_MCAL/EXTIx/MCAL_EXTI.c:133:13:EXTI11_IRQHandler	8	static
../Src/Src_MCAL/EXTIx/MCAL_EXTI.c:139:13:EXTI12_IRQHandler	8	static
../Src/Src_MCAL/EXTIx/MCAL_EXTI.c:145:13:EXT13_IRQHandler	8	static
../Src/Src_MCAL/EXTIx/MCAL_EXTI.c:151:13:EXTI14_IRQHandler	8	static
../Src/Src_MCAL/EXTIx/MCAL_EXTI.c:157:13:EXTI15_IRQHandler	8	static
