../Src/Src_HAL/LCD/HAL_LCD.c:88:6:HLCD_vWriteCommand	8	static
../Src/Src_HAL/LCD/HAL_LCD.c:19:6:HLCD_vInitiate	8	static
../Src/Src_HAL/LCD/HAL_LCD.c:129:6:HLCD_vClearScreen	0	static
../Src/Src_HAL/LCD/HAL_LCD.c:134:6:HLCD_vGoTo	8	static
../Src/Src_HAL/LCD/HAL_LCD.c:201:6:HLCD_vWriteCharacter	8	static
../Src/Src_HAL/LCD/HAL_LCD.c:149:6:HLCD_vBuildCustomChar	16	static
../Src/Src_HAL/LCD/HAL_LCD.c:242:6:HLCD_vWriteString	16	static
../Src/Src_HAL/LCD/HAL_LCD.c:252:6:HLCD_vWriteNumber	32	static
../Src/Src_HAL/LCD/HAL_LCD.c:282:6:HLCD_vWriteNumber_Bin	16	static
../Src/Src_HAL/LCD/HAL_LCD.c:300:6:HLCD_vWriteNumber_Hex	8	static
